<html>
<body>
<pre>
<h1>µVision Build Log</h1>
<h2>Tool Versions:</h2>
IDE-Version: ¦ÌVision V5.24.2.0
Copyright (C) 2017 ARM Ltd and ARM Germany GmbH. All rights reserved.
License Information: lee young, 11, LIC=WHYH9-4HYY0-HLFCL-0LEEF-IAFNB-XUDES
 
Tool Versions:
Toolchain:       MDK-ARM Plus  Version: 5.24.1
Toolchain Path:  D:\keilv5\ARM\ARMCC\Bin
C Compiler:      Armcc.exe V5.06 update 5 (build 528)
Assembler:       Armasm.exe V5.06 update 5 (build 528)
Linker/Locator:  ArmLink.exe V5.06 update 5 (build 528)
Library Manager: ArmAr.exe V5.06 update 5 (build 528)
Hex Converter:   FromElf.exe V5.06 update 5 (build 528)
CPU DLL:         SARMCM3.DLL V5.24.1
Dialog DLL:      DCM.DLL V1.16.0.0
Target DLL:      STLink\ST-LINKIII-KEIL_SWO.dll V3.0.1.0
Dialog DLL:      TCM.DLL V1.32.0.0
 
<h2>Project:</h2>
D:\TUMU\tumu.uvprojx
Project File Date:  03/31/2025

<h2>Output:</h2>
*** Using Compiler 'V5.06 update 5 (build 528)', folder: 'D:\keilv5\ARM\ARMCC\Bin'
Build target 'Target 1'
compiling main.c...
User\main.c(171): warning:  #167-D: argument of type "char *" is incompatible with parameter of type "unsigned char *"
  	    MQTT_Receive=MQTTPacket_read(buf, 
QTT_MAX_BUFF, transport_getdata);
User\main.c(179): warning:  #167-D: argument of type "char *" is incompatible with parameter of type "uint8_t *"
  					int ret = parse_message(buf,
QTT_MAX_BUFF,&frq,&imt);
User\main.c(436): warning:  #167-D: argument of type "char *" is incompatible with parameter of type "unsigned char *"
  		if (MQTTPacket_read(buf, 
QTT_MAX_BUFF, transport_getdata)== PINGRESP)
User\main.c(693): warning:  #1-D: last line of file ends without a newline
  				
User\main.c: 4 warnings, 0 errors
linking...
Program Size: Code=27940 RO-data=1436 RW-data=268 ZI-data=4260  
FromELF: creating hex file...
".\Objects\tumu.axf" - 0 Error(s), 4 Warning(s).

<h2>Software Packages used:</h2>

Package Vendor: Keil
                http://www.keil.com/pack/Keil.STM32F4xx_DFP.1.0.8.pack
                Keil.STM32F4xx_DFP.1.0.8
                STMicroelectronics STM32F4 Series Device Support, Drivers and Examples

<h2>Collection of Component include folders:</h2>
  .\RTE\_Target_1
  D:\keilv5\ARM\PACK\Keil\STM32F4xx_DFP\1.0.8\Device\Include

<h2>Collection of Component Files used:</h2>
Build Time Elapsed:  00:00:02
</pre>
</body>
</html>
