Component: ARM Compiler 5.06 update 5 (build 528) Tool: armlink [4d35e2]

==============================================================================

Section Cross References

    startup_stm32f40xx.o(RESET) refers to startup_stm32f40xx.o(STACK) for __initial_sp
    startup_stm32f40xx.o(RESET) refers to startup_stm32f40xx.o(.text) for Reset_Handler
    startup_stm32f40xx.o(RESET) refers to stm32f4xx_it.o(i.NMI_Handler) for NMI_Handler
    startup_stm32f40xx.o(RESET) refers to stm32f4xx_it.o(i.MemManage_Handler) for MemManage_Handler
    startup_stm32f40xx.o(RESET) refers to stm32f4xx_it.o(i.BusFault_Handler) for BusFault_Handler
    startup_stm32f40xx.o(RESET) refers to stm32f4xx_it.o(i.UsageFault_Handler) for UsageFault_Handler
    startup_stm32f40xx.o(RESET) refers to stm32f4xx_it.o(i.SVC_Handler) for SVC_Handler
    startup_stm32f40xx.o(RESET) refers to stm32f4xx_it.o(i.DebugMon_Handler) for DebugMon_Handler
    startup_stm32f40xx.o(RESET) refers to main.o(i.TIM2_IRQHandler) for TIM2_IRQHandler
    startup_stm32f40xx.o(RESET) refers to time.o(i.TIM3_IRQHandler) for TIM3_IRQHandler
    startup_stm32f40xx.o(RESET) refers to usart.o(i.USART1_IRQHandler) for USART1_IRQHandler
    startup_stm32f40xx.o(RESET) refers to usart.o(i.USART2_IRQHandler) for USART2_IRQHandler
    startup_stm32f40xx.o(RESET) refers to usart.o(i.USART3_IRQHandler) for USART3_IRQHandler
    startup_stm32f40xx.o(RESET) refers to main.o(i.TIM5_IRQHandler) for TIM5_IRQHandler
    startup_stm32f40xx.o(.text) refers to system_stm32f4xx.o(i.SystemInit) for SystemInit
    startup_stm32f40xx.o(.text) refers to entry.o(.ARM.Collect$$$$00000000) for __main
    system_stm32f4xx.o(i.SystemCoreClockUpdate) refers to system_stm32f4xx.o(.data) for SystemCoreClock
    system_stm32f4xx.o(i.SystemInit) refers to system_stm32f4xx.o(i.SetSysClock) for SetSysClock
    main.o(i.TIM2_IRQHandler) refers to stm32f4xx_tim.o(i.TIM_GetITStatus) for TIM_GetITStatus
    main.o(i.TIM2_IRQHandler) refers to stm32f4xx_tim.o(i.TIM_ClearITPendingBit) for TIM_ClearITPendingBit
    main.o(i.TIM2_IRQHandler) refers to mqtt.o(.data) for offline_flag
    main.o(i.TIM2_IRQHandler) refers to main.o(.data) for heartbeat
    main.o(i.TIM5_IRQHandler) refers to stm32f4xx_tim.o(i.TIM_GetITStatus) for TIM_GetITStatus
    main.o(i.TIM5_IRQHandler) refers to stm32f4xx_tim.o(i.TIM_ClearITPendingBit) for TIM_ClearITPendingBit
    main.o(i.TIM5_IRQHandler) refers to ds3231.o(i.DS3231_gettime) for DS3231_gettime
    main.o(i.TIM5_IRQHandler) refers to ds3231.o(i.DS3231_getdate) for DS3231_getdate
    main.o(i.TIM5_IRQHandler) refers to printfa.o(i.__0printf) for __2printf
    main.o(i.TIM5_IRQHandler) refers to main.o(.data) for time_flag
    main.o(i.main) refers to led.o(i.LED_Init) for LED_Init
    main.o(i.main) refers to led.o(i.LED0_ON) for LED0_ON
    main.o(i.main) refers to usart.o(i.uart1_init) for uart1_init
    main.o(i.main) refers to usart.o(i.uart2_init) for uart2_init
    main.o(i.main) refers to usart.o(i.uart3_init) for uart3_init
    main.o(i.main) refers to delay.o(i.TIM4_Delay_Init) for TIM4_Delay_Init
    main.o(i.main) refers to time.o(i.TIM3_Init) for TIM3_Init
    main.o(i.main) refers to time.o(i.TIM2_Init) for TIM2_Init
    main.o(i.main) refers to time.o(i.TIM5_Init) for TIM5_Init
    main.o(i.main) refers to ds3231.o(i.DS3231_Init) for DS3231_Init
    main.o(i.main) refers to mqtt.o(i.MQTT_Disconnect) for MQTT_Disconnect
    main.o(i.main) refers to memseta.o(.text) for __aeabi_memclr4
    main.o(i.main) refers to delay.o(i.delay_ms) for delay_ms
    main.o(i.main) refers to mqtt.o(i.MQTT_Client_Task) for MQTT_Client_Task
    main.o(i.main) refers to ds3231.o(i.DS3231_gettime) for DS3231_gettime
    main.o(i.main) refers to ds3231.o(i.DS3231_getdate) for DS3231_getdate
    main.o(i.main) refers to time.o(i.DateTime_ToString) for DateTime_ToString
    main.o(i.main) refers to printfa.o(i.__0printf) for __2printf
    main.o(i.main) refers to frq.o(i.calculate_next_collect) for calculate_next_collect
    main.o(i.main) refers to frq.o(i.calculate_next_day) for calculate_next_day
    main.o(i.main) refers to frq.o(i.calculate_next_night_validation) for calculate_next_night_validation
    main.o(i.main) refers to sensor.o(i.GetBatterySOC) for GetBatterySOC
    main.o(i.main) refers to printfa.o(i.__0snprintf) for __2snprintf
    main.o(i.main) refers to mqtt.o(i.MQTT_Publish) for MQTT_Publish
    main.o(i.main) refers to mqttpacket.o(i.MQTTPacket_read) for MQTTPacket_read
    main.o(i.main) refers to parse_data.o(i.parse_message) for parse_message
    main.o(i.main) refers to strcmp.o(.text) for strcmp
    main.o(i.main) refers to frq.o(i.is_valid_frequency) for is_valid_frequency
    main.o(i.main) refers to parse_data.o(i.timestamp_to_datetime) for timestamp_to_datetime
    main.o(i.main) refers to sensor.o(i.Get_Channel2_Data) for Get_Channel2_Data
    main.o(i.main) refers to f2d.o(.text) for __aeabi_f2d
[...]
    i.RCC_APB2PeriphClockCmd                 0x08002560   Section        0  stm32f4xx_rcc.o(i.RCC_APB2PeriphClockCmd)
    i.RCC_GetClocksFreq                      0x08002580   Section        0  stm32f4xx_rcc.o(i.RCC_GetClocksFreq)
    i.SVC_Handler                            0x08002668   Section        0  stm32f4xx_it.o(i.SVC_Handler)
    i.Send_Predefined_CMD                    0x0800266c   Section        0  sensor.o(i.Send_Predefined_CMD)
    i.SetSysClock                            0x080026d8   Section        0  system_stm32f4xx.o(i.SetSysClock)
    SetSysClock                              0x080026d9   Thumb Code   220  system_stm32f4xx.o(i.SetSysClock)
    i.SystemInit                             0x080027c4   Section        0  system_stm32f4xx.o(i.SystemInit)
    i.TIM2_IRQHandler                        0x0800282c   Section        0  main.o(i.TIM2_IRQHandler)
    i.TIM2_Init                              0x08002858   Section        0  time.o(i.TIM2_Init)
    i.TIM3_IRQHandler                        0x080028c0   Section        0  time.o(i.TIM3_IRQHandler)
    i.TIM3_Init                              0x080028f0   Section        0  time.o(i.TIM3_Init)
    i.TIM4_Delay_Init                        0x0800295c   Section        0  delay.o(i.TIM4_Delay_Init)
    i.TIM5_IRQHandler                        0x08002994   Section        0  main.o(i.TIM5_IRQHandler)
    i.TIM5_Init                              0x08002b58   Section        0  time.o(i.TIM5_Init)
    i.TIM_ClearFlag                          0x08002bbc   Section        0  stm32f4xx_tim.o(i.TIM_ClearFlag)
    i.TIM_ClearITPendingBit                  0x08002bc2   Section        0  stm32f4xx_tim.o(i.TIM_ClearITPendingBit)
    i.TIM_Cmd                                0x08002bc8   Section        0  stm32f4xx_tim.o(i.TIM_Cmd)
    i.TIM_GetCounter                         0x08002be0   Section        0  stm32f4xx_tim.o(i.TIM_GetCounter)
    i.TIM_GetITStatus                        0x08002be6   Section        0  stm32f4xx_tim.o(i.TIM_GetITStatus)
    i.TIM_ITConfig                           0x08002c08   Section        0  stm32f4xx_tim.o(i.TIM_ITConfig)
    i.TIM_SelectInputTrigger                 0x08002c1a   Section        0  stm32f4xx_tim.o(i.TIM_SelectInputTrigger)
    i.TIM_SelectSlaveMode                    0x08002c2c   Section        0  stm32f4xx_tim.o(i.TIM_SelectSlaveMode)
    i.TIM_TimeBaseInit                       0x08002c40   Section        0  stm32f4xx_tim.o(i.TIM_TimeBaseInit)
    i.USART1_IRQHandler                      0x08002cc4   Section        0  usart.o(i.USART1_IRQHandler)
    i.USART2_IRQHandler                      0x08002d4c   Section        0  usart.o(i.USART2_IRQHandler)
    i.USART3_IRQHandler                      0x08002db0   Section        0  usart.o(i.USART3_IRQHandler)
    i.USART3_get_Data                        0x08002e3c   Section        0  sensor.o(i.USART3_get_Data)
    i.USART_ClearITPendingBit                0x08002f54   Section        0  stm32f4xx_usart.o(i.USART_ClearITPendingBit)
    i.USART_Cmd                              0x08002f72   Section        0  stm32f4xx_usart.o(i.USART_Cmd)
    i.USART_GetFlagStatus                    0x08002f8a   Section        0  stm32f4xx_usart.o(i.USART_GetFlagStatus)
    i.USART_GetITStatus                      0x08002fa4   Section        0  stm32f4xx_usart.o(i.USART_GetITStatus)
    i.USART_ITConfig                         0x08002ff8   Section        0  stm32f4xx_usart.o(i.USART_ITConfig)
    i.USART_Init                             0x08003044   Section        0  stm32f4xx_usart.o(i.USART_Init)
    i.USART_ReceiveData                      0x08003118   Section        0  stm32f4xx_usart.o(i.USART_ReceiveData)
    i.USART_SendData                         0x08003122   Section        0  stm32f4xx_usart.o(i.USART_SendData)
    i.UsageFault_Handler                     0x0800312a   Section        0  stm32f4xx_it.o(i.UsageFault_Handler)
    i.WiFi_SendString                        0x08003130   Section        0  transport.o(i.WiFi_SendString)
    i.__0printf                              0x08003160   Section        0  printfa.o(i.__0printf)
    i.__0snprintf                            0x08003180   Section        0  printfa.o(i.__0snprintf)
    i.__ARM_fpclassifyf                      0x080031b0   Section        0  fpclassifyf.o(i.__ARM_fpclassifyf)
    i.__aeabi_errno_addr                     0x080031d8   Section        0  errno.o(i.__aeabi_errno_addr)
    i.__free$realloc                         0x080031e0   Section        0  mallocr.o(i.__free$realloc)
    i.__hardfp_powf                          0x0800323c   Section        0  powf.o(i.__hardfp_powf)
    i.__hardfp_strtod                        0x080038a0   Section        0  strtod.o(i.__hardfp_strtod)
    i.__malloc$realloc                       0x080038c8   Section        0  mallocr.o(i.__malloc$realloc)
    i.__mathlib_flt_divzero                  0x08003918   Section        0  funder.o(i.__mathlib_flt_divzero)
    i.__mathlib_flt_infnan2                  0x0800392c   Section        0  funder.o(i.__mathlib_flt_infnan2)
    i.__mathlib_flt_invalid                  0x08003934   Section        0  funder.o(i.__mathlib_flt_invalid)
    i.__mathlib_flt_overflow                 0x08003944   Section        0  funder.o(i.__mathlib_flt_overflow)
    i.__mathlib_flt_underflow                0x08003954   Section        0  funder.o(i.__mathlib_flt_underflow)
    i.__scatterload_copy                     0x08003964   Section       14  handlers.o(i.__scatterload_copy)
    i.__scatterload_null                     0x08003972   Section        2  handlers.o(i.__scatterload_null)
    i.__scatterload_zeroinit                 0x08003974   Section       14  handlers.o(i.__scatterload_zeroinit)
    i.__set_errno                            0x08003984   Section        0  errno.o(i.__set_errno)
    i._fp_digits                             0x08003990   Section        0  printfa.o(i._fp_digits)
    _fp_digits                               0x08003991   Thumb Code   366  printfa.o(i._fp_digits)
    i._is_digit                              0x08003b14   Section        0  scanf_fp.o(i._is_digit)
    i._printf_core                           0x08003b24   Section        0  printfa.o(i._printf_core)
    _printf_core                             0x08003b25   Thumb Code  1744  printfa.o(i._printf_core)
    i._printf_post_padding                   0x08004200   Section        0  printfa.o(i._printf_post_padding)
    _printf_post_padding                     0x08004201   Thumb Code    36  printfa.o(i._printf_post_padding)
    i._printf_pre_padding                    0x08004224   Section        0  printfa.o(i._printf_pre_padding)
    _printf_pre_padding                      0x08004225   Thumb Code    46  printfa.o(i._printf_pre_padding)
    i._snputc                                0x08004252   Section        0  printfa.o(i._snputc)
    _snputc                                  0x08004253   Thumb Code    22  printfa.o(i._snputc)
    i.bcdToDec                               0x08004268   Section        0  ds3231.o(i.bcdToDec)
    bcdToDec                                 0x08004269   Thumb Code    20  ds3231.o(i.bcdToDec)
    i.bufchar                                0x0800427c   Section        0  mqttpacket.o(i.bufchar)
    i.buffer_skip_whitespace                 0x080042a4   Section        0  cjson.o(i.buffer_skip_whitespace)
    buffer_skip_whitespace                   0x080042a5   Thumb Code    72  cjson.o(i.buffer_skip_whitespace)
    i.cJSON_Delete                           0x080042ec   Section        0  cjson.o(i.cJSON_Delete)
    i.cJSON_GetNumberValue                   0x0800434c   Section        0  cjson.o(i.cJSON_GetNumberValue)
    i.cJSON_GetObjectItem                    0x0800436c   Section        0  cjson.o(i.cJSON_GetObjectItem)
    i.cJSON_IsNumber                         0x0800437e   Section        0  cjson.o(i.cJSON_IsNumber)
    i.cJSON_New_Item                         0x08004394   Section        0  cjson.o(i.cJSON_New_Item)
    cJSON_New_Item                           0x08004395   Thumb Code    26  cjson.o(i.cJSON_New_Item)
    i.cJSON_ParseWithLength                  0x080043ae   Section        0  cjson.o(i.cJSON_ParseWithLength)
    i.cJSON_ParseWithLengthOpts              0x080043c4   Section        0  cjson.o(i.cJSON_ParseWithLengthOpts)
    i.calculate_next_collect                 0x08004498   Section        0  frq.o(i.calculate_next_collect)
    i.calculate_next_day                     0x08004590   Section        0  frq.o(i.calculate_next_day)
    i.calculate_next_night_validation        0x08004626   Section        0  frq.o(i.calculate_next_night_validation)
    i.case_insensitive_strcmp                0x080046d4   Section        0  cjson.o(i.case_insensitive_strcmp)
    case_insensitive_strcmp                  0x080046d5   Thumb Code    72  cjson.o(i.case_insensitive_strcmp)
    i.days_in_month                          0x0800471c   Section        0  frq.o(i.days_in_month)
    days_in_month                            0x0800471d   Thumb Code    62  frq.o(i.days_in_month)
    i.delay_ms                               0x08004768   Section        0  delay.o(i.delay_ms)
    i.delay_us                               0x08004780   Section        0  delay.o(i.delay_us)
    i.fill_frq_struct                        0x080047bc   Section        0  parse_data.o(i.fill_frq_struct)
    i.fill_imt_struct                        0x080048d4   Section        0  parse_data.o(i.fill_imt_struct)
    i.fputc                                  0x080049ec   Section        0  usart.o(i.fputc)
    i.get_decimal_point                      0x08004a10   Section        0  cjson.o(i.get_decimal_point)
    get_decimal_point                        0x08004a11   Thumb Code     4  cjson.o(i.get_decimal_point)
    i.get_month_days                         0x08004a14   Section        0  parse_data.o(i.get_month_days)
    i.get_object_item                        0x08004a54   Section        0  cjson.o(i.get_object_item)
    get_object_item                          0x08004a55   Thumb Code    82  cjson.o(i.get_object_item)
    i.internal_alloc                         0x08004aa8   Section        0  mallocr.o(i.internal_alloc)
    internal_alloc                           0x08004aa9   Thumb Code    76  mallocr.o(i.internal_alloc)
    i.is_leap_year                           0x08004af8   Section        0  parse_data.o(i.is_leap_year)
    i.is_valid_frequency                     0x08004b2c   Section        0  frq.o(i.is_valid_frequency)
    i.main                                   0x08004b4c   Section        0  main.o(i.main)
    i.memmem                                 0x08005ed0   Section        0  parse_data.o(i.memmem)
    i.parse_array                            0x08005f0e   Section        0  cjson.o(i.parse_array)
    parse_array                              0x08005f0f   Thumb Code   248  cjson.o(i.parse_array)
    i.parse_frq_message                      0x08006006   Section        0  parse_data.o(i.parse_frq_message)
    i.parse_hex4                             0x08006038   Section        0  cjson.o(i.parse_hex4)
    parse_hex4                               0x08006039   Thumb Code    90  cjson.o(i.parse_hex4)
    i.parse_imt_message                      0x08006092   Section        0  parse_data.o(i.parse_imt_message)
    i.parse_message                          0x080060c4   Section        0  parse_data.o(i.parse_message)
    i.parse_number                           0x0800614c   Section        0  cjson.o(i.parse_number)
    parse_number                             0x0800614d   Thumb Code   316  cjson.o(i.parse_number)
    i.parse_object                           0x080062a0   Section        0  cjson.o(i.parse_object)
    parse_object                             0x080062a1   Thumb Code   332  cjson.o(i.parse_object)
    i.parse_sensor_data                      0x080063ec   Section        0  sensor.o(i.parse_sensor_data)
    i.parse_string                           0x080064f4   Section        0  cjson.o(i.parse_string)
    parse_string                             0x080064f5   Thumb Code   398  cjson.o(i.parse_string)
    i.parse_value                            0x08006684   Section        0  cjson.o(i.parse_value)
    parse_value                              0x08006685   Thumb Code   290  cjson.o(i.parse_value)
    i.readChar                               0x080067c0   Section        0  mqttpacket.o(i.readChar)
    i.readInt                                0x080067ce   Section        0  mqttpacket.o(i.readInt)
    i.realloc                                0x080067e8   Section        0  mallocr.o(i.realloc)
    i.skip_utf8_bom                          0x08006854   Section        0  cjson.o(i.skip_utf8_bom)
    skip_utf8_bom                            0x08006855   Thumb Code    56  cjson.o(i.skip_utf8_bom)
    i.swap_int32                             0x08006890   Section        0  sensor.o(i.swap_int32)
    swap_int32                               0x08006891   Thumb Code    36  sensor.o(i.swap_int32)
    i.timestamp_to_datetime                  0x080068b4   Section        0  parse_data.o(i.timestamp_to_datetime)
    i.transport_getdata                      0x08006a14   Section        0  transport.o(i.transport_getdata)
    i.transport_sendPacketBuffer             0x08006a7c   Section        0  transport.o(i.transport_sendPacketBuffer)
    i.uart1_init                             0x08006a90   Section        0  usart.o(i.uart1_init)
    i.uart2_init                             0x08006b3c   Section        0  usart.o(i.uart2_init)
    i.uart3_init                             0x08006be8   Section        0  usart.o(i.uart3_init)
    i.utf16_literal_to_utf8                  0x08006cdc   Section        0  cjson.o(i.utf16_literal_to_utf8)
    utf16_literal_to_utf8                    0x08006cdd   Thumb Code   300  cjson.o(i.utf16_literal_to_utf8)
    i.writeCString                           0x08006e08   Section        0  mqttpacket.o(i.writeCString)
    i.writeChar                              0x08006e30   Section        0  mqttpacket.o(i.writeChar)
    i.writeInt                               0x08006e3c   Section        0  mqttpacket.o(i.writeInt)
    i.writeMQTTString                        0x08006e6c   Section        0  mqttpacket.o(i.writeMQTTString)
    .constdata                               0x08006eac   Section       88  mqtt.o(.constdata)
    .constdata                               0x08006f04   Section       32  parse_data.o(.constdata)
    .constdata                               0x08006f24   Section      320  powf.o(.constdata)
    table                                    0x08006f24   Data         128  powf.o(.constdata)
    powersof2to1over16top                    0x08006fa4   Data          64  powf.o(.constdata)
    powersof2to1over16bot                    0x08006fe4   Data          64  powf.o(.constdata)
    powersof2to1over16all                    0x08007024   Data          64  powf.o(.constdata)
    .constdata                               0x08007064   Section      129  ctype_o.o(.constdata)
    .constdata                               0x080070e8   Section        4  ctype_o.o(.constdata)
    table                                    0x080070e8   Data           4  ctype_o.o(.constdata)
    .conststring                             0x080070ec   Section      370  main.o(.conststring)
    .conststring                             0x08007260   Section       63  parse_data.o(.conststring)
    .data                                    0x20000000   Section      200  main.o(.data)
    .data                                    0x200000c8   Section       16  stm32f4xx_rcc.o(.data)
    APBAHBPrescTable                         0x200000c8   Data          16  stm32f4xx_rcc.o(.data)
    .data                                    0x200000d8   Section        2  usart.o(.data)
    .data                                    0x200000dc   Section        8  mqtt.o(.data)
    .data                                    0x200000e4   Section        4  mqttpacket.o(.data)
    bufptr                                   0x200000e4   Data           4  mqttpacket.o(.data)
    .data                                    0x200000e8   Section       20  cjson.o(.data)
    global_error                             0x200000e8   Data           8  cjson.o(.data)
    global_hooks                             0x200000f0   Data          12  cjson.o(.data)
    .data                                    0x200000fc   Section        4  stdout.o(.data)
    .data                                    0x20000100   Section        4  mvars.o(.data)
    .data                                    0x20000104   Section        4  mvars.o(.data)
    .data                                    0x20000108   Section        4  errno.o(.data)
    _errno                                   0x20000108   Data           4  errno.o(.data)
    .bss                                     0x20000110   Section     1228  main.o(.bss)
    imt                                      0x20000528   Data          32  main.o(.bss)
    frq                                      0x20000548   Data          32  main.o(.bss)
    .bss                                     0x200005dc   Section      978  usart.o(.bss)
    .bss                                     0x200009ae   Section      512  mqtt.o(.bss)
    HEAP                                     0x20000bb0   Section      512  startup_stm32f40xx.o(HEAP)
    STACK                                    0x20000db0   Section     1024  startup_stm32f40xx.o(STACK)

    Global Symbols

    Symbol Name                              Value     Ov Type        Size  Object(Section)

    BuildAttributes$$THM_ISAv4$E$P$D$K$B$S$7EM$VFPi3$EXTD16$VFPS$VFMA$PE$A:L22UL41UL21$X:L11$S22US41US21$IEEE1$IW$USESV6$~STKCKD$USESV7$~SHL$OTIME$ROPI$IEEEX$EBA8$MICROLIB$REQ8$PRES8$EABIv2 0x00000000   Number         0  anon$$obj.o ABSOLUTE
    __ARM_use_no_argv                        0x00000000   Number         0  main.o ABSOLUTE
    _printf_a                                0x00000000   Number         0  stubs.o ABSOLUTE
    _printf_c                                0x00000000   Number         0  stubs.o ABSOLUTE
    _printf_charcount                        0x00000000   Number         0  stubs.o ABSOLUTE
    _printf_d                                0x00000000   Number         0  stubs.o ABSOLUTE
    _printf_e                                0x00000000   Number         0  stubs.o ABSOLUTE
    _printf_f                                0x00000000   Number         0  stubs.o ABSOLUTE
    _printf_flags                            0x00000000   Number         0  stubs.o ABSOLUTE
    _printf_fp_dec                           0x00000000   Number         0  stubs.o ABSOLUTE
    _printf_fp_hex                           0x00000000   Number         0  stubs.o ABSOLUTE
    _printf_g                                0x00000000   Number         0  stubs.o ABSOLUTE
    _printf_i                                0x00000000   Number         0  stubs.o ABSOLUTE
    _printf_int_dec                          0x00000000   Number         0  stubs.o ABSOLUTE
    _printf_l                                0x00000000   Number         0  stubs.o ABSOLUTE
    _printf_lc                               0x00000000   Number         0  stubs.o ABSOLUTE
    _printf_ll                               0x00000000   Number         0  stubs.o ABSOLUTE
    _printf_lld                              0x00000000   Number         0  stubs.o ABSOLUTE
    _printf_lli                              0x00000000   Number         0  stubs.o ABSOLUTE
    _printf_llo                              0x00000000   Number         0  stubs.o ABSOLUTE
    _printf_llu                              0x00000000   Number         0  stubs.o ABSOLUTE
    _printf_llx                              0x00000000   Number         0  stubs.o ABSOLUTE
    _printf_longlong_dec                     0x00000000   Number         0  stubs.o ABSOLUTE
    _printf_longlong_hex                     0x00000000   Number         0  stubs.o ABSOLUTE
    _printf_longlong_oct                     0x00000000   Number         0  stubs.o ABSOLUTE
    _printf_ls                               0x00000000   Number         0  stubs.o ABSOLUTE
    _printf_mbtowc                           0x00000000   Number         0  stubs.o ABSOLUTE
    _printf_n                                0x00000000   Number         0  stubs.o ABSOLUTE
    _printf_o                                0x00000000   Number         0  stubs.o ABSOLUTE
    _printf_p                                0x00000000   Number         0  stubs.o ABSOLUTE
    _printf_percent                          0x00000000   Number         0  stubs.o ABSOLUTE
    _printf_pre_padding                      0x00000000   Number         0  stubs.o ABSOLUTE
    _printf_return_value                     0x00000000   Number         0  stubs.o ABSOLUTE
    _printf_s                                0x00000000   Number         0  stubs.o ABSOLUTE
    _printf_sizespec                         0x00000000   Number         0  stubs.o ABSOLUTE
    _printf_str                              0x00000000   Number         0  stubs.o ABSOLUTE
    _printf_truncate_signed                  0x00000000   Number         0  stubs.o ABSOLUTE
    _printf_truncate_unsigned                0x00000000   Number         0  stubs.o ABSOLUTE
    _printf_u                                0x00000000   Number         0  stubs.o ABSOLUTE
    _printf_wc                               0x00000000   Number         0  stubs.o ABSOLUTE
    _printf_wctomb                           0x00000000   Number         0  stubs.o ABSOLUTE
    _printf_widthprec                        0x00000000   Number         0  stubs.o ABSOLUTE
    _printf_x                                0x00000000   Number         0  stubs.o ABSOLUTE
    __cpp_initialize__aeabi_                  - Undefined Weak Reference
    __cxa_finalize                            - Undefined Weak Reference
    __decompress                              - Undefined Weak Reference
    _clock_init                               - Undefined Weak Reference
    _microlib_exit                            - Undefined Weak Reference
    _scanf_int                                - Undefined Weak Reference
    _scanf_longlong                           - Undefined Weak Reference
    _scanf_string                             - Undefined Weak Reference
    __Vectors_Size                           0x00000188   Number         0  startup_stm32f40xx.o ABSOLUTE
    __Vectors                                0x08000000   Data           4  startup_stm32f40xx.o(RESET)
    __Vectors_End                            0x08000188   Data           0  startup_stm32f40xx.o(RESET)
    __main                                   0x08000189   Thumb Code     0  entry.o(.ARM.Collect$$$$00000000)
    _main_stk                                0x08000189   Thumb Code     0  entry2.o(.ARM.Collect$$$$00000001)
    _main_scatterload                        0x0800018d   Thumb Code     0  entry5.o(.ARM.Collect$$$$00000004)
    __main_after_scatterload                 0x08000191   Thumb Code     0  entry5.o(.ARM.Collect$$$$00000004)
    _main_clock                              0x08000191   Thumb Code     0  entry7b.o(.ARM.Collect$$$$00000008)
    _main_cpp_init                           0x08000191   Thumb Code     0  entry8b.o(.ARM.Collect$$$$0000000A)
    _main_init                               0x08000191   Thumb Code     0  entry9a.o(.ARM.Collect$$$$0000000B)
    __rt_final_cpp                           0x08000199   Thumb Code     0  entry10a.o(.ARM.Collect$$$$0000000D)
    __rt_final_exit                          0x08000199   Thumb Code     0  entry11a.o(.ARM.Collect$$$$0000000F)
    Reset_Handler                            0x0800019d   Thumb Code     8  startup_stm32f40xx.o(.text)
    HardFault_Handler                        0x080001a7   Thumb Code     2  startup_stm32f40xx.o(.text)
    PendSV_Handler                           0x080001b3   Thumb Code     2  startup_stm32f40xx.o(.text)
    SysTick_Handler                          0x080001b5   Thumb Code     2  startup_stm32f40xx.o(.text)
    ADC_IRQHandler                           0x080001b7   Thumb Code     0  startup_stm32f40xx.o(.text)
    CAN1_RX0_IRQHandler                      0x080001b7   Thumb Code     0  startup_stm32f40xx.o(.text)
    CAN1_RX1_IRQHandler                      0x080001b7   Thumb Code     0  startup_stm32f40xx.o(.text)
    CAN1_SCE_IRQHandler                      0x080001b7   Thumb Code     0  startup_stm32f40xx.o(.text)
    CAN1_TX_IRQHandler                       0x080001b7   Thumb Code     0  startup_stm32f40xx.o(.text)
    CAN2_RX0_IRQHandler                      0x080001b7   Thumb Code     0  startup_stm32f40xx.o(.text)
    CAN2_RX1_IRQHandler                      0x080001b7   Thumb Code     0  startup_stm32f40xx.o(.text)
    CAN2_SCE_IRQHandler                      0x080001b7   Thumb Code     0  startup_stm32f40xx.o(.text)
    CAN2_TX_IRQHandler                       0x080001b7   Thumb Code     0  startup_stm32f40xx.o(.text)
    CRYP_IRQHandler                          0x080001b7   Thumb Code     0  startup_stm32f40xx.o(.text)
    DCMI_IRQHandler                          0x080001b7   Thumb Code     0  startup_stm32f40xx.o(.text)
    DMA1_Stream0_IRQHandler                  0x080001b7   Thumb Code     0  startup_stm32f40xx.o(.text)
    DMA1_Stream1_IRQHandler                  0x080001b7   Thumb Code     0  startup_stm32f40xx.o(.text)
    DMA1_Stream2_IRQHandler                  0x080001b7   Thumb Code     0  startup_stm32f40xx.o(.text)
    DMA1_Stream3_IRQHandler                  0x080001b7   Thumb Code     0  startup_stm32f40xx.o(.text)
    DMA1_Stream4_IRQHandler                  0x080001b7   Thumb Code     0  startup_stm32f40xx.o(.text)
    DMA1_Stream5_IRQHandler                  0x080001b7   Thumb Code     0  startup_stm32f40xx.o(.text)
    DMA1_Stream6_IRQHandler                  0x080001b7   Thumb Code     0  startup_stm32f40xx.o(.text)
    DMA1_Stream7_IRQHandler                  0x080001b7   Thumb Code     0  startup_stm32f40xx.o(.text)
    DMA2_Stream0_IRQHandler                  0x080001b7   Thumb Code     0  startup_stm32f40xx.o(.text)
    DMA2_Stream1_IRQHandler                  0x080001b7   Thumb Code     0  startup_stm32f40xx.o(.text)
    DMA2_Stream2_IRQHandler                  0x080001b7   Thumb Code     0  startup_stm32f40xx.o(.text)
    DMA2_Stream3_IRQHandler                  0x080001b7   Thumb Code     0  startup_stm32f40xx.o(.text)
    DMA2_Stream4_IRQHandler                  0x080001b7   Thumb Code     0  startup_stm32f40xx.o(.text)
    DMA2_Stream5_IRQHandler                  0x080001b7   Thumb Code     0  startup_stm32f40xx.o(.text)
    DMA2_Stream6_IRQHandler                  0x080001b7   Thumb Code     0  startup_stm32f40xx.o(.text)
    DMA2_Stream7_IRQHandler                  0x080001b7   Thumb Code     0  startup_stm32f40xx.o(.text)
    ETH_IRQHandler                           0x080001b7   Thumb Code     0  startup_stm32f40xx.o(.text)
    ETH_WKUP_IRQHandler                      0x080001b7   Thumb Code     0  startup_stm32f40xx.o(.text)
    EXTI0_IRQHandler                         0x080001b7   Thumb Code     0  startup_stm32f40xx.o(.text)
    EXTI15_10_IRQHandler                     0x080001b7   Thumb Code     0  startup_stm32f40xx.o(.text)
    EXTI1_IRQHandler                         0x080001b7   Thumb Code     0  startup_stm32f40xx.o(.text)
    EXTI2_IRQHandler                         0x080001b7   Thumb Code     0  startup_stm32f40xx.o(.text)
    EXTI3_IRQHandler                         0x080001b7   Thumb Code     0  startup_stm32f40xx.o(.text)
    EXTI4_IRQHandler                         0x080001b7   Thumb Code     0  startup_stm32f40xx.o(.text)
    EXTI9_5_IRQHandler                       0x080001b7   Thumb Code     0  startup_stm32f40xx.o(.text)
    FLASH_IRQHandler                         0x080001b7   Thumb Code     0  startup_stm32f40xx.o(.text)
    FPU_IRQHandler                           0x080001b7   Thumb Code     0  startup_stm32f40xx.o(.text)
    FSMC_IRQHandler                          0x080001b7   Thumb Code     0  startup_stm32f40xx.o(.text)
    HASH_RNG_IRQHandler                      0x080001b7   Thumb Code     0  startup_stm32f40xx.o(.text)
    I2C1_ER_IRQHandler                       0x080001b7   Thumb Code     0  startup_stm32f40xx.o(.text)
    I2C1_EV_IRQHandler                       0x080001b7   Thumb Code     0  startup_stm32f40xx.o(.text)
    I2C2_ER_IRQHandler                       0x080001b7   Thumb Code     0  startup_stm32f40xx.o(.text)
    I2C2_EV_IRQHandler                       0x080001b7   Thumb Code     0  startup_stm32f40xx.o(.text)
    I2C3_ER_IRQHandler                       0x080001b7   Thumb Code     0  startup_stm32f40xx.o(.text)
    I2C3_EV_IRQHandler                       0x080001b7   Thumb Code     0  startup_stm32f40xx.o(.text)
    OTG_FS_IRQHandler                        0x080001b7   Thumb Code     0  startup_stm32f40xx.o(.text)
    OTG_FS_WKUP_IRQHandler                   0x080001b7   Thumb Code     0  startup_stm32f40xx.o(.text)
    OTG_HS_EP1_IN_IRQHandler                 0x080001b7   Thumb Code     0  startup_stm32f40xx.o(.text)
    OTG_HS_EP1_OUT_IRQHandler                0x080001b7   Thumb Code     0  startup_stm32f40xx.o(.text)
    OTG_HS_IRQHandler                        0x080001b7   Thumb Code     0  startup_stm32f40xx.o(.text)
    OTG_HS_WKUP_IRQHandler                   0x080001b7   Thumb Code     0  startup_stm32f40xx.o(.text)
    PVD_IRQHandler                           0x080001b7   Thumb Code     0  startup_stm32f40xx.o(.text)
    RCC_IRQHandler                           0x080001b7   Thumb Code     0  startup_stm32f40xx.o(.text)
    RTC_Alarm_IRQHandler                     0x080001b7   Thumb Code     0  startup_stm32f40xx.o(.text)
    RTC_WKUP_IRQHandler                      0x080001b7   Thumb Code     0  startup_stm32f40xx.o(.text)
    SDIO_IRQHandler                          0x080001b7   Thumb Code     0  startup_stm32f40xx.o(.text)
    SPI1_IRQHandler                          0x080001b7   Thumb Code     0  startup_stm32f40xx.o(.text)
    SPI2_IRQHandler                          0x080001b7   Thumb Code     0  startup_stm32f40xx.o(.text)
    SPI3_IRQHandler                          0x080001b7   Thumb Code     0  startup_stm32f40xx.o(.text)
    TAMP_STAMP_IRQHandler                    0x080001b7   Thumb Code     0  startup_stm32f40xx.o(.text)
    TIM1_BRK_TIM9_IRQHandler                 0x080001b7   Thumb Code     0  startup_stm32f40xx.o(.text)
    TIM1_CC_IRQHandler                       0x080001b7   Thumb Code     0  startup_stm32f40xx.o(.text)
    TIM1_TRG_COM_TIM11_IRQHandler            0x080001b7   Thumb Code     0  startup_stm32f40xx.o(.text)
    TIM1_UP_TIM10_IRQHandler                 0x080001b7   Thumb Code     0  startup_stm32f40xx.o(.text)
    TIM4_IRQHandler                          0x080001b7   Thumb Code     0  startup_stm32f40xx.o(.text)
    TIM6_DAC_IRQHandler                      0x080001b7   Thumb Code     0  startup_stm32f40xx.o(.text)
    TIM7_IRQHandler                          0x080001b7   Thumb Code     0  startup_stm32f40xx.o(.text)
    TIM8_BRK_TIM12_IRQHandler                0x080001b7   Thumb Code     0  startup_stm32f40xx.o(.text)
    TIM8_CC_IRQHandler                       0x080001b7   Thumb Code     0  startup_stm32f40xx.o(.text)
    TIM8_TRG_COM_TIM14_IRQHandler            0x080001b7   Thumb Code     0  startup_stm32f40xx.o(.text)
    TIM8_UP_TIM13_IRQHandler                 0x080001b7   Thumb Code     0  startup_stm32f40xx.o(.text)
    UART4_IRQHandler                         0x080001b7   Thumb Code     0  startup_stm32f40xx.o(.text)
    UART5_IRQHandler                         0x080001b7   Thumb Code     0  startup_stm32f40xx.o(.text)
    USART6_IRQHandler                        0x080001b7   Thumb Code     0  startup_stm32f40xx.o(.text)
    WWDG_IRQHandler                          0x080001b7   Thumb Code     0  startup_stm32f40xx.o(.text)
    __aeabi_uldivmod                         0x080001c1   Thumb Code    98  uldiv.o(.text)
    tolower                                  0x08000223   Thumb Code    12  tolower.o(.text)
    ___aeabi_memcpy8$move                    0x0800022f   Thumb Code     0  memmovea.o(.text)
    __aeabi_memcpy                           0x0800022f   Thumb Code    64  memmovea.o(.text)
    __aeabi_memcpy4                          0x0800022f   Thumb Code     0  memmovea.o(.text)
    __aeabi_memmove                          0x0800022f   Thumb Code     0  memmovea.o(.text)
    __aeabi_memmove4                         0x0800022f   Thumb Code     0  memmovea.o(.text)
    __aeabi_memmove8                         0x0800022f   Thumb Code     0  memmovea.o(.text)
    __aeabi_memset                           0x0800026f   Thumb Code    14  memseta.o(.text)
    __aeabi_memset4                          0x0800026f   Thumb Code     0  memseta.o(.text)
    __aeabi_memset8                          0x0800026f   Thumb Code     0  memseta.o(.text)
    __aeabi_memclr                           0x0800027d   Thumb Code     4  memseta.o(.text)
    __aeabi_memclr4                          0x0800027d   Thumb Code     0  memseta.o(.text)
    __aeabi_memclr8                          0x0800027d   Thumb Code     0  memseta.o(.text)
    _memset$wrapper                          0x08000281   Thumb Code    18  memseta.o(.text)
    strncpy                                  0x08000293   Thumb Code    24  strncpy.o(.text)
    strlen                                   0x080002ab   Thumb Code    14  strlen.o(.text)
    strcmp                                   0x080002b9   Thumb Code    28  strcmp.o(.text)
    memcmp                                   0x080002d5   Thumb Code    26  memcmp.o(.text)
    strncmp                                  0x080002ef   Thumb Code    30  strncmp.o(.text)
    _scanf_real                              0x08000435   Thumb Code     0  scanf_fp.o(.text)
    _scanf_really_real                       0x08000435   Thumb Code   556  scanf_fp.o(.text)
    strtol                                   0x0800066d   Thumb Code   112  strtol.o(.text)
    atoi                                     0x080006dd   Thumb Code    26  atoi.o(.text)
    __aeabi_dadd                             0x080006f7   Thumb Code   322  dadd.o(.text)
    __aeabi_dsub                             0x08000839   Thumb Code     6  dadd.o(.text)
    __aeabi_drsub                            0x0800083f   Thumb Code     6  dadd.o(.text)
    __aeabi_dmul                             0x08000845   Thumb Code   228  dmul.o(.text)
    __aeabi_d2iz                             0x08000929   Thumb Code    62  dfixi.o(.text)
    __aeabi_d2ulz                            0x08000967   Thumb Code    48  dfixul.o(.text)
    __aeabi_f2d                              0x08000997   Thumb Code    38  f2d.o(.text)
    __aeabi_cdcmpeq                          0x080009bd   Thumb Code     0  cdcmple.o(.text)
    __aeabi_cdcmple                          0x080009bd   Thumb Code    48  cdcmple.o(.text)
    __aeabi_cdrcmple                         0x080009ed   Thumb Code    48  cdrcmple.o(.text)
    __aeabi_uidiv                            0x08000a1d   Thumb Code     0  uidiv.o(.text)
    __aeabi_uidivmod                         0x08000a1d   Thumb Code    44  uidiv.o(.text)
    __aeabi_llsl                             0x08000a49   Thumb Code    30  llshl.o(.text)
    _ll_shift_l                              0x08000a49   Thumb Code     0  llshl.o(.text)
    __aeabi_llsr                             0x08000a67   Thumb Code    32  llushr.o(.text)
    _ll_ushift_r                             0x08000a67   Thumb Code     0  llushr.o(.text)
    __aeabi_lasr                             0x08000a87   Thumb Code    36  llsshr.o(.text)
    _ll_sshift_r                             0x08000a87   Thumb Code     0  llsshr.o(.text)
    __rt_ctype_table                         0x08000aad   Thumb Code     4  ctype_o.o(.text)
    isspace                                  0x08000ab5   Thumb Code    18  isspace_o.o(.text)
    _sgetc                                   0x08000ac7   Thumb Code    30  _sgetc.o(.text)
    _sbackspace                              0x08000ae5   Thumb Code    34  _sgetc.o(.text)
    _strtoul                                 0x08000b07   Thumb Code   158  _strtoul.o(.text)
    __strtod_int                             0x08000bdb   Thumb Code    90  strtod.o(.text)
    __I$use$fp                               0x08000c41   Thumb Code     0  iusefp.o(.text)
    _double_round                            0x08000c41   Thumb Code    30  depilogue.o(.text)
    _double_epilogue                         0x08000c5f   Thumb Code   156  depilogue.o(.text)
    __aeabi_ddiv                             0x08000cfb   Thumb Code   222  ddiv.o(.text)
    __aeabi_ul2d                             0x08000dd9   Thumb Code    24  dfltul.o(.text)
    __aeabi_d2f                              0x08000df1   Thumb Code    56  d2f.o(.text)
    __fp_status                              0x08000e29   Thumb Code     4  fpstat.o(.text)
    __ieee_status                            0x08000e29   Thumb Code     0  fpstat.o(.text)
    __scatterload                            0x08000e2d   Thumb Code    28  init.o(.text)
    __scatterload_rt2                        0x08000e2d   Thumb Code     0  init.o(.text)
    _chval                                   0x08000e51   Thumb Code    28  _chval.o(.text)
    _float_round                             0x08000e6d   Thumb Code    18  fepilogue.o(.text)
    _float_epilogue                          0x08000e7f   Thumb Code    92  fepilogue.o(.text)
    BusFault_Handler                         0x08000edb   Thumb Code     4  stm32f4xx_it.o(i.BusFault_Handler)
    DS3231_Init                              0x08000edf   Thumb Code     8  ds3231.o(i.DS3231_Init)
    DS3231_getdate                           0x08000ee7   Thumb Code    88  ds3231.o(i.DS3231_getdate)
    DS3231_gettime                           0x08000f3f   Thumb Code    84  ds3231.o(i.DS3231_gettime)
    DateTime_ToString                        0x08000f95   Thumb Code    52  time.o(i.DateTime_ToString)
    DebugMon_Handler                         0x08000fe9   Thumb Code     2  stm32f4xx_it.o(i.DebugMon_Handler)
    GPIO_Init                                0x08000feb   Thumb Code   144  stm32f4xx_gpio.o(i.GPIO_Init)
    GPIO_PinAFConfig                         0x0800107b   Thumb Code    70  stm32f4xx_gpio.o(i.GPIO_PinAFConfig)
    GPIO_ReadInputDataBit                    0x080010c1   Thumb Code    18  stm32f4xx_gpio.o(i.GPIO_ReadInputDataBit)
    GPIO_ResetBits                           0x080010d3   Thumb Code     4  stm32f4xx_gpio.o(i.GPIO_ResetBits)
    GPIO_SetBits                             0x080010d7   Thumb Code     4  stm32f4xx_gpio.o(i.GPIO_SetBits)
    GetAngleData                             0x080010dd   Thumb Code   144  sensor.o(i.GetAngleData)
    GetBatterySOC                            0x0800117d   Thumb Code   112  sensor.o(i.GetBatterySOC)
    Get_Channel2_Data                        0x080011f9   Thumb Code   264  sensor.o(i.Get_Channel2_Data)
    IIC_Ack                                  0x0800131d   Thumb Code    48  softwareiic.o(i.IIC_Ack)
    IIC_DS3231_ByteRead                      0x08001351   Thumb Code    82  ds3231.o(i.IIC_DS3231_ByteRead)
    IIC_Init                                 0x080013a5   Thumb Code    60  softwareiic.o(i.IIC_Init)
    IIC_NAck                                 0x080013e5   Thumb Code    48  softwareiic.o(i.IIC_NAck)
    IIC_Read_Byte                            0x08001419   Thumb Code   102  softwareiic.o(i.IIC_Read_Byte)
    IIC_Start                                0x08001485   Thumb Code    48  softwareiic.o(i.IIC_Start)
    IIC_Stop                                 0x080014b9   Thumb Code    54  softwareiic.o(i.IIC_Stop)
    IIC_Wait_Ack                             0x080014f5   Thumb Code    84  softwareiic.o(i.IIC_Wait_Ack)
    IIC_WriteByte                            0x0800154d   Thumb Code    88  softwareiic.o(i.IIC_WriteByte)
    LED0_ON                                  0x080015a9   Thumb Code    14  led.o(i.LED0_ON)
    LED_Init                                 0x080015bd   Thumb Code    60  led.o(i.LED_Init)
    MQTTDeserialize_connack                  0x080015fd   Thumb Code   118  mqttconnectclient.o(i.MQTTDeserialize_connack)
    MQTTDeserialize_suback                   0x08001673   Thumb Code   146  mqttsubscribeclient.o(i.MQTTDeserialize_suback)
    MQTTPacket_decode                        0x08001705   Thumb Code    88  mqttpacket.o(i.MQTTPacket_decode)
    MQTTPacket_decodeBuf                     0x0800175d   Thumb Code    20  mqttpacket.o(i.MQTTPacket_decodeBuf)
    MQTTPacket_encode                        0x08001779   Thumb Code    54  mqttpacket.o(i.MQTTPacket_encode)
    MQTTPacket_len                           0x080017b1   Thumb Code    34  mqttpacket.o(i.MQTTPacket_len)
    MQTTPacket_read                          0x080017d9   Thumb Code   102  mqttpacket.o(i.MQTTPacket_read)
    MQTTSerialize_connect                    0x08001841   Thumb Code   342  mqttconnectclient.o(i.MQTTSerialize_connect)
    MQTTSerialize_connectLength              0x080019a9   Thumb Code   118  mqttconnectclient.o(i.MQTTSerialize_connectLength)
    MQTTSerialize_disconnect                 0x08001a1f   Thumb Code    18  mqttconnectclient.o(i.MQTTSerialize_disconnect)
    MQTTSerialize_pingreq                    0x08001a31   Thumb Code    18  mqttconnectclient.o(i.MQTTSerialize_pingreq)
    MQTTSerialize_publish                    0x08001a43   Thumb Code   176  mqttserializepublish.o(i.MQTTSerialize_publish)
    MQTTSerialize_publishLength              0x08001af3   Thumb Code    34  mqttserializepublish.o(i.MQTTSerialize_publishLength)
    MQTTSerialize_subscribe                  0x08001b15   Thumb Code   176  mqttsubscribeclient.o(i.MQTTSerialize_subscribe)
    MQTTSerialize_subscribeLength            0x08001bc5   Thumb Code    46  mqttsubscribeclient.o(i.MQTTSerialize_subscribeLength)
    MQTTSerialize_zero                       0x08001bf3   Thumb Code    76  mqttconnectclient.o(i.MQTTSerialize_zero)
    MQTT_Client_Task                         0x08001c41   Thumb Code   196  mqtt.o(i.MQTT_Client_Task)
    MQTT_Connect                             0x08001de9   Thumb Code   328  mqtt.o(i.MQTT_Connect)
    MQTT_Disconnect                          0x08002031   Thumb Code    34  mqtt.o(i.MQTT_Disconnect)
    MQTT_Publish                             0x08002059   Thumb Code    84  mqtt.o(i.MQTT_Publish)
    MQTT_Subscribe_Topic                     0x080020b1   Thumb Code   314  mqtt.o(i.MQTT_Subscribe_Topic)
    MQTTstrlen                               0x080022c1   Thumb Code    24  mqttpacket.o(i.MQTTstrlen)
    MemManage_Handler                        0x080022d9   Thumb Code     4  stm32f4xx_it.o(i.MemManage_Handler)
    NMI_Handler                              0x080022dd   Thumb Code     2  stm32f4xx_it.o(i.NMI_Handler)
    NVIC_Init                                0x080022e1   Thumb Code   106  misc.o(i.NVIC_Init)
    ParseModbusFrame                         0x08002359   Thumb Code   132  sensor.o(i.ParseModbusFrame)
    ParseSensorData                          0x080023dd   Thumb Code   318  sensor.o(i.ParseSensorData)
    RCC_AHB1PeriphClockCmd                   0x08002521   Thumb Code    26  stm32f4xx_rcc.o(i.RCC_AHB1PeriphClockCmd)
    RCC_APB1PeriphClockCmd                   0x08002541   Thumb Code    26  stm32f4xx_rcc.o(i.RCC_APB1PeriphClockCmd)
    RCC_APB2PeriphClockCmd                   0x08002561   Thumb Code    26  stm32f4xx_rcc.o(i.RCC_APB2PeriphClockCmd)
    RCC_GetClocksFreq                        0x08002581   Thumb Code   214  stm32f4xx_rcc.o(i.RCC_GetClocksFreq)
    SVC_Handler                              0x08002669   Thumb Code     2  stm32f4xx_it.o(i.SVC_Handler)
    Send_Predefined_CMD                      0x0800266d   Thumb Code    94  sensor.o(i.Send_Predefined_CMD)
    SystemInit                               0x080027c5   Thumb Code    88  system_stm32f4xx.o(i.SystemInit)
    TIM2_IRQHandler                          0x0800282d   Thumb Code    34  main.o(i.TIM2_IRQHandler)
    TIM2_Init                                0x08002859   Thumb Code   102  time.o(i.TIM2_Init)
    TIM3_IRQHandler                          0x080028c1   Thumb Code    38  time.o(i.TIM3_IRQHandler)
    TIM3_Init                                0x080028f1   Thumb Code   104  time.o(i.TIM3_Init)
    TIM4_Delay_Init                          0x0800295d   Thumb Code    52  delay.o(i.TIM4_Delay_Init)
    TIM5_IRQHandler                          0x08002995   Thumb Code   326  main.o(i.TIM5_IRQHandler)
    TIM5_Init                                0x08002b59   Thumb Code    96  time.o(i.TIM5_Init)
    TIM_ClearFlag                            0x08002bbd   Thumb Code     6  stm32f4xx_tim.o(i.TIM_ClearFlag)
    TIM_ClearITPendingBit                    0x08002bc3   Thumb Code     6  stm32f4xx_tim.o(i.TIM_ClearITPendingBit)
    TIM_Cmd                                  0x08002bc9   Thumb Code    24  stm32f4xx_tim.o(i.TIM_Cmd)
    TIM_GetCounter                           0x08002be1   Thumb Code     6  stm32f4xx_tim.o(i.TIM_GetCounter)
    TIM_GetITStatus                          0x08002be7   Thumb Code    34  stm32f4xx_tim.o(i.TIM_GetITStatus)
    TIM_ITConfig                             0x08002c09   Thumb Code    18  stm32f4xx_tim.o(i.TIM_ITConfig)
    TIM_SelectInputTrigger                   0x08002c1b   Thumb Code    18  stm32f4xx_tim.o(i.TIM_SelectInputTrigger)
    TIM_SelectSlaveMode                      0x08002c2d   Thumb Code    18  stm32f4xx_tim.o(i.TIM_SelectSlaveMode)
    TIM_TimeBaseInit                         0x08002c41   Thumb Code   104  stm32f4xx_tim.o(i.TIM_TimeBaseInit)
    USART1_IRQHandler                        0x08002cc5   Thumb Code   122  usart.o(i.USART1_IRQHandler)
    USART2_IRQHandler                        0x08002d4d   Thumb Code    88  usart.o(i.USART2_IRQHandler)
    USART3_IRQHandler                        0x08002db1   Thumb Code   130  usart.o(i.USART3_IRQHandler)
    USART3_get_Data                          0x08002e3d   Thumb Code   186  sensor.o(i.USART3_get_Data)
    USART_ClearITPendingBit                  0x08002f55   Thumb Code    30  stm32f4xx_usart.o(i.USART_ClearITPendingBit)
    USART_Cmd                                0x08002f73   Thumb Code    24  stm32f4xx_usart.o(i.USART_Cmd)
    USART_GetFlagStatus                      0x08002f8b   Thumb Code    26  stm32f4xx_usart.o(i.USART_GetFlagStatus)
    USART_GetITStatus                        0x08002fa5   Thumb Code    84  stm32f4xx_usart.o(i.USART_GetITStatus)
    USART_ITConfig                           0x08002ff9   Thumb Code    74  stm32f4xx_usart.o(i.USART_ITConfig)
    USART_Init                               0x08003045   Thumb Code   204  stm32f4xx_usart.o(i.USART_Init)
    USART_ReceiveData                        0x08003119   Thumb Code    10  stm32f4xx_usart.o(i.USART_ReceiveData)
    USART_SendData                           0x08003123   Thumb Code     8  stm32f4xx_usart.o(i.USART_SendData)
    UsageFault_Handler                       0x0800312b   Thumb Code     4  stm32f4xx_it.o(i.UsageFault_Handler)
    WiFi_SendString                          0x08003131   Thumb Code    42  transport.o(i.WiFi_SendString)
    __0printf                                0x08003161   Thumb Code    22  printfa.o(i.__0printf)
    __1printf                                0x08003161   Thumb Code     0  printfa.o(i.__0printf)
    __2printf                                0x08003161   Thumb Code     0  printfa.o(i.__0printf)
    __c89printf                              0x08003161   Thumb Code     0  printfa.o(i.__0printf)
    printf                                   0x08003161   Thumb Code     0  printfa.o(i.__0printf)
    __0snprintf                              0x08003181   Thumb Code    44  printfa.o(i.__0snprintf)
    __1snprintf                              0x08003181   Thumb Code     0  printfa.o(i.__0snprintf)
    __2snprintf                              0x08003181   Thumb Code     0  printfa.o(i.__0snprintf)
    __c89snprintf                            0x08003181   Thumb Code     0  printfa.o(i.__0snprintf)
    snprintf                                 0x08003181   Thumb Code     0  printfa.o(i.__0snprintf)
    __ARM_fpclassifyf                        0x080031b1   Thumb Code    38  fpclassifyf.o(i.__ARM_fpclassifyf)
    __aeabi_errno_addr                       0x080031d9   Thumb Code     4  errno.o(i.__aeabi_errno_addr)
    __rt_errno_addr                          0x080031d9   Thumb Code     0  errno.o(i.__aeabi_errno_addr)
    free                                     0x080031e1   Thumb Code    88  mallocr.o(i.__free$realloc)
    __hardfp_powf                            0x0800323d   Thumb Code  1606  powf.o(i.__hardfp_powf)
    __mathlib_powf                           0x0800323d   Thumb Code     0  powf.o(i.__hardfp_powf)
    __hardfp_strtod                          0x080038a1   Thumb Code    30  strtod.o(i.__hardfp_strtod)
    malloc                                   0x080038c9   Thumb Code    64  mallocr.o(i.__malloc$realloc)
    __mathlib_flt_divzero                    0x08003919   Thumb Code    14  funder.o(i.__mathlib_flt_divzero)
    __mathlib_flt_infnan2                    0x0800392d   Thumb Code     6  funder.o(i.__mathlib_flt_infnan2)
    __mathlib_flt_invalid                    0x08003935   Thumb Code    10  funder.o(i.__mathlib_flt_invalid)
    __mathlib_flt_overflow                   0x08003945   Thumb Code    10  funder.o(i.__mathlib_flt_overflow)
    __mathlib_flt_underflow                  0x08003955   Thumb Code    10  funder.o(i.__mathlib_flt_underflow)
    __scatterload_copy                       0x08003965   Thumb Code    14  handlers.o(i.__scatterload_copy)
    __scatterload_null                       0x08003973   Thumb Code     2  handlers.o(i.__scatterload_null)
    __scatterload_zeroinit                   0x08003975   Thumb Code    14  handlers.o(i.__scatterload_zeroinit)
    __set_errno                              0x08003985   Thumb Code     6  errno.o(i.__set_errno)
    _is_digit                                0x08003b15   Thumb Code    14  scanf_fp.o(i._is_digit)
    bufchar                                  0x0800427d   Thumb Code    36  mqttpacket.o(i.bufchar)
    cJSON_Delete                             0x080042ed   Thumb Code    92  cjson.o(i.cJSON_Delete)
    cJSON_GetNumberValue                     0x0800434d   Thumb Code    24  cjson.o(i.cJSON_GetNumberValue)
    cJSON_GetObjectItem                      0x0800436d   Thumb Code    18  cjson.o(i.cJSON_GetObjectItem)
    cJSON_IsNumber                           0x0800437f   Thumb Code    22  cjson.o(i.cJSON_IsNumber)
    cJSON_ParseWithLength                    0x080043af   Thumb Code    20  cjson.o(i.cJSON_ParseWithLength)
    cJSON_ParseWithLengthOpts                0x080043c5   Thumb Code   204  cjson.o(i.cJSON_ParseWithLengthOpts)
    calculate_next_collect                   0x08004499   Thumb Code   242  frq.o(i.calculate_next_collect)
    calculate_next_day                       0x08004591   Thumb Code   150  frq.o(i.calculate_next_day)
    calculate_next_night_validation          0x08004627   Thumb Code   174  frq.o(i.calculate_next_night_validation)
    delay_ms                                 0x08004769   Thumb Code    24  delay.o(i.delay_ms)
    delay_us                                 0x08004781   Thumb Code    56  delay.o(i.delay_us)
    fill_frq_struct                          0x080047bd   Thumb Code   232  parse_data.o(i.fill_frq_struct)
    fill_imt_struct                          0x080048d5   Thumb Code   232  parse_data.o(i.fill_imt_struct)
    fputc                                    0x080049ed   Thumb Code    32  usart.o(i.fputc)
    get_month_days                           0x08004a15   Thumb Code    50  parse_data.o(i.get_month_days)
    is_leap_year                             0x08004af9   Thumb Code    52  parse_data.o(i.is_leap_year)
    is_valid_frequency                       0x08004b2d   Thumb Code    26  frq.o(i.is_valid_frequency)
    main                                     0x08004b4d   Thumb Code  4810  main.o(i.main)
    memmem                                   0x08005ed1   Thumb Code    62  parse_data.o(i.memmem)
    parse_frq_message                        0x08006007   Thumb Code    50  parse_data.o(i.parse_frq_message)
    parse_imt_message                        0x08006093   Thumb Code    50  parse_data.o(i.parse_imt_message)
    parse_message                            0x080060c5   Thumb Code   114  parse_data.o(i.parse_message)
    parse_sensor_data                        0x080063ed   Thumb Code   190  sensor.o(i.parse_sensor_data)
    readChar                                 0x080067c1   Thumb Code    14  mqttpacket.o(i.readChar)
    readInt                                  0x080067cf   Thumb Code    26  mqttpacket.o(i.readInt)
    realloc                                  0x080067e9   Thumb Code   102  mallocr.o(i.realloc)
    timestamp_to_datetime                    0x080068b5   Thumb Code   330  parse_data.o(i.timestamp_to_datetime)
    transport_getdata                        0x08006a15   Thumb Code   100  transport.o(i.transport_getdata)
    transport_sendPacketBuffer               0x08006a7d   Thumb Code    18  transport.o(i.transport_sendPacketBuffer)
    uart1_init                               0x08006a91   Thumb Code   164  usart.o(i.uart1_init)
    uart2_init                               0x08006b3d   Thumb Code   162  usart.o(i.uart2_init)
    uart3_init                               0x08006be9   Thumb Code   232  usart.o(i.uart3_init)
    writeCString                             0x08006e09   Thumb Code    40  mqttpacket.o(i.writeCString)
    writeChar                                0x08006e31   Thumb Code    12  mqttpacket.o(i.writeChar)
    writeInt                                 0x08006e3d   Thumb Code    48  mqttpacket.o(i.writeInt)
    writeMQTTString                          0x08006e6d   Thumb Code    62  mqttpacket.o(i.writeMQTTString)
    __ctype_table                            0x08007064   Data         129  ctype_o.o(.constdata)
    Region$$Table$$Base                      0x080072a0   Number         0  anon$$obj.o(Region$$Table)
    Region$$Table$$Limit                     0x080072c0   Number         0  anon$$obj.o(Region$$Table)
    time_flag                                0x20000000   Data           4  main.o(.data)
    heartbeat                                0x20000004   Data           4  main.o(.data)
    up_data1_ready                           0x20000008   Data           4  main.o(.data)
    up_data2_ready                           0x2000000c   Data           4  main.o(.data)
    newday                                   0x20000010   Data           4  main.o(.data)
    next_valid                               0x20000014   Data           4  main.o(.data)
    MQTT_Receive                             0x20000018   Data           4  main.o(.data)
    reconnect_flag                           0x2000001c   Data           4  main.o(.data)
    deviceCode1                              0x20000020   Data           4  main.o(.data)
    deviceCode2                              0x20000024   Data           4  main.o(.data)
    deviceStatus                             0x20000028   Data          16  main.o(.data)
    batteryLevel                             0x20000038   Data          16  main.o(.data)
    sort                                     0x20000048   Data           5  main.o(.data)
    batchNo1_a                               0x2000004d   Data           7  main.o(.data)
    batchNo2_a                               0x20000054   Data           7  main.o(.data)
    batchNo1_b                               0x2000005b   Data           7  main.o(.data)
    batchNo2_b                               0x20000062   Data           7  main.o(.data)
    currValue1                               0x20000069   Data          10  main.o(.data)
    currValue2                               0x20000073   Data          10  main.o(.data)
    measureMode1                             0x20000080   Data           4  main.o(.data)
    measureMode2                             0x20000084   Data           4  main.o(.data)
    current                                  0x20000088   Data           6  main.o(.data)
    next1                                    0x2000008e   Data           6  main.o(.data)
    next2                                    0x20000094   Data           6  main.o(.data)
    next_day                                 0x2000009a   Data           6  main.o(.data)
    next_validation                          0x200000a0   Data           6  main.o(.data)
    current_num                              0x200000a8   Data           4  main.o(.data)
    current_frq1                             0x200000ac   Data           4  main.o(.data)
    current_frq2                             0x200000b0   Data           4  main.o(.data)
    next_frq1                                0x200000b4   Data           4  main.o(.data)
    next_frq2                                0x200000b8   Data           4  main.o(.data)
    current_force                            0x200000bc   Data           4  main.o(.data)
    valid_points                             0x200000c0   Data           1  main.o(.data)
    status                                   0x200000c1   Data           1  main.o(.data)
    result                                   0x200000c2   Data           1  main.o(.data)
    soc                                      0x200000c3   Data           1  main.o(.data)
    test_data                                0x200000c4   Data           4  main.o(.data)
    USART_RX_STA                             0x200000d8   Data           2  usart.o(.data)
    rx_cnt                                   0x200000dc   Data           2  mqtt.o(.data)
    offline_flag                             0x200000e0   Data           4  mqtt.o(.data)
    __stdout                                 0x200000fc   Data           4  stdout.o(.data)
    __microlib_freelist                      0x20000100   Data           4  mvars.o(.data)
    __microlib_freelist_initialised          0x20000104   Data           4  mvars.o(.data)
    collectTime                              0x20000110   Data          20  main.o(.bss)
    Pub_buff                                 0x20000124   Data         512  main.o(.bss)
    buf                                      0x20000324   Data         512  main.o(.bss)
    timestamp                                0x20000568   Data          20  main.o(.bss)
    angles                                   0x2000057c   Data          96  main.o(.bss)
    UartFlagStC                              0x200005dc   Data         516  usart.o(.bss)
    USART_RX_BUF                             0x200007e0   Data         200  usart.o(.bss)
    usart3_dev                               0x200008a8   Data         262  usart.o(.bss)
    mqtt_buf                                 0x200009ae   Data         512  mqtt.o(.bss)
    __heap_base                              0x20000bb0   Data           0  startup_stm32f40xx.o(HEAP)
    __heap_limit                             0x20000db0   Data           0  startup_stm32f40xx.o(HEAP)
    __initial_sp                             0x200011b0   Data           0  startup_stm32f40xx.o(STACK)



==============================================================================

Memory Map of the image

  Image Entry point : 0x08000189

  Load Region LR_IROM1 (Base: 0x08000000, Size: 0x000073cc, Max: 0x00080000, ABSOLUTE)

    Execution Region ER_IROM1 (Exec base: 0x08000000, Load base: 0x08000000, Size: 0x000072c0, Max: 0x00080000, ABSOLUTE)

    Exec Addr    Load Addr    Size         Type   Attr      Idx    E Section Name        Object

    0x08000000   0x08000000   0x00000188   Data   RO            3    RESET               startup_stm32f40xx.o
    0x08000188   0x08000188   0x00000000   Code   RO         6987  * .ARM.Collect$$$$00000000  mc_w.l(entry.o)
    0x08000188   0x08000188   0x00000004   Code   RO         7347    .ARM.Collect$$$$00000001  mc_w.l(entry2.o)
    0x0800018c   0x0800018c   0x00000004   Code   RO         7350    .ARM.Collect$$$$00000004  mc_w.l(entry5.o)
    0x08000190   0x08000190   0x00000000   Code   RO         7352    .ARM.Collect$$$$00000008  mc_w.l(entry7b.o)
    0x08000190   0x08000190   0x00000000   Code   RO         7354    .ARM.Collect$$$$0000000A  mc_w.l(entry8b.o)
    0x08000190   0x08000190   0x00000008   Code   RO         7355    .ARM.Collect$$$$0000000B  mc_w.l(entry9a.o)
    0x08000198   0x08000198   0x00000000   Code   RO         7357    .ARM.Collect$$$$0000000D  mc_w.l(entry10a.o)
    0x08000198   0x08000198   0x00000000   Code   RO         7359    .ARM.Collect$$$$0000000F  mc_w.l(entry11a.o)
    0x08000198   0x08000198   0x00000004   Code   RO         7348    .ARM.Collect$$$$00002712  mc_w.l(entry2.o)
    0x0800019c   0x0800019c   0x00000024   Code   RO            4    .text               startup_stm32f40xx.o
    0x080001c0   0x080001c0   0x00000062   Code   RO         6990    .text               mc_w.l(uldiv.o)
    0x08000222   0x08000222   0x0000000c   Code   RO         6992    .text               mc_w.l(tolower.o)
    0x0800022e   0x0800022e   0x00000040   Code   RO         6996    .text               mc_w.l(memmovea.o)
    0x0800026e   0x0800026e   0x00000024   Code   RO         6998    .text               mc_w.l(memseta.o)
    0x08000292   0x08000292   0x00000018   Code   RO         7000    .text               mc_w.l(strncpy.o)
    0x080002aa   0x080002aa   0x0000000e   Code   RO         7002    .text               mc_w.l(strlen.o)
    0x080002b8   0x080002b8   0x0000001c   Code   RO         7004    .text               mc_w.l(strcmp.o)
    0x080002d4   0x080002d4   0x0000001a   Code   RO         7006    .text               mc_w.l(memcmp.o)
    0x080002ee   0x080002ee   0x0000001e   Code   RO         7010    .text               mc_w.l(strncmp.o)
    0x0800030c   0x0800030c   0x00000360   Code   RO         7307    .text               mc_w.l(scanf_fp.o)
    0x0800066c   0x0800066c   0x00000070   Code   RO         7311    .text               mc_w.l(strtol.o)
    0x080006dc   0x080006dc   0x0000001a   Code   RO         7313    .text               mc_w.l(atoi.o)
    0x080006f6   0x080006f6   0x0000014e   Code   RO         7315    .text               mf_w.l(dadd.o)
    0x08000844   0x08000844   0x000000e4   Code   RO         7317    .text               mf_w.l(dmul.o)
    0x08000928   0x08000928   0x0000003e   Code   RO         7321    .text               mf_w.l(dfixi.o)
    0x08000966   0x08000966   0x00000030   Code   RO         7323    .text               mf_w.l(dfixul.o)
    0x08000996   0x08000996   0x00000026   Code   RO         7325    .text               mf_w.l(f2d.o)
    0x080009bc   0x080009bc   0x00000030   Code   RO         7327    .text               mf_w.l(cdcmple.o)
    0x080009ec   0x080009ec   0x00000030   Code   RO         7329    .text               mf_w.l(cdrcmple.o)
    0x08000a1c   0x08000a1c   0x0000002c   Code   RO         7362    .text               mc_w.l(uidiv.o)
    0x08000a48   0x08000a48   0x0000001e   Code   RO         7364    .text               mc_w.l(llshl.o)
    0x08000a66   0x08000a66   0x00000020   Code   RO         7366    .text               mc_w.l(llushr.o)
    0x08000a86   0x08000a86   0x00000024   Code   RO         7368    .text               mc_w.l(llsshr.o)
    0x08000aaa   0x08000aaa   0x00000002   PAD
    0x08000aac   0x08000aac   0x00000008   Code   RO         7370    .text               mc_w.l(ctype_o.o)
    0x08000ab4   0x08000ab4   0x00000012   Code   RO         7392    .text               mc_w.l(isspace_o.o)
    0x08000ac6   0x08000ac6   0x00000040   Code   RO         7409    .text               mc_w.l(_sgetc.o)
    0x08000b06   0x08000b06   0x0000009e   Code   RO         7411    .text               mc_w.l(_strtoul.o)
    0x08000ba4   0x08000ba4   0x0000009c   Code   RO         7413    .text               mc_w.l(strtod.o)
    0x08000c40   0x08000c40   0x00000000   Code   RO         7415    .text               mc_w.l(iusefp.o)
    0x08000c40   0x08000c40   0x000000ba   Code   RO         7416    .text               mf_w.l(depilogue.o)
    0x08000cfa   0x08000cfa   0x000000de   Code   RO         7418    .text               mf_w.l(ddiv.o)
    0x08000dd8   0x08000dd8   0x00000018   Code   RO         7420    .text               mf_w.l(dfltul.o)
    0x08000df0   0x08000df0   0x00000038   Code   RO         7422    .text               mf_w.l(d2f.o)
    0x08000e28   0x08000e28   0x00000004   Code   RO         7424    .text               mf_w.l(fpstat.o)
    0x08000e2c   0x08000e2c   0x00000024   Code   RO         7426    .text               mc_w.l(init.o)
    0x08000e50   0x08000e50   0x0000001c   Code   RO         7430    .text               mc_w.l(_chval.o)
    0x08000e6c   0x08000e6c   0x0000006e   Code   RO         7434    .text               mf_w.l(fepilogue.o)
    0x08000eda   0x08000eda   0x00000004   Code   RO           12    i.BusFault_Handler  stm32f4xx_it.o
    0x08000ede   0x08000ede   0x00000008   Code   RO         5649    i.DS3231_Init       ds3231.o
    0x08000ee6   0x08000ee6   0x00000058   Code   RO         5652    i.DS3231_getdate    ds3231.o
    0x08000f3e   0x08000f3e   0x00000054   Code   RO         5653    i.DS3231_gettime    ds3231.o
    0x08000f92   0x08000f92   0x00000002   PAD
    0x08000f94   0x08000f94   0x00000054   Code   RO         5401    i.DateTime_ToString  time.o
    0x08000fe8   0x08000fe8   0x00000002   Code   RO           13    i.DebugMon_Handler  stm32f4xx_it.o
    0x08000fea   0x08000fea   0x00000090   Code   RO         2136    i.GPIO_Init         stm32f4xx_gpio.o
    0x0800107a   0x0800107a   0x00000046   Code   RO         2137    i.GPIO_PinAFConfig  stm32f4xx_gpio.o
    0x080010c0   0x080010c0   0x00000012   Code   RO         2140    i.GPIO_ReadInputDataBit  stm32f4xx_gpio.o
    0x080010d2   0x080010d2   0x00000004   Code   RO         2143    i.GPIO_ResetBits    stm32f4xx_gpio.o
    0x080010d6   0x080010d6   0x00000004   Code   RO         2144    i.GPIO_SetBits      stm32f4xx_gpio.o
    0x080010da   0x080010da   0x00000002   PAD
    0x080010dc   0x080010dc   0x000000a0   Code   RO         5736    i.GetAngleData      sensor.o
    0x0800117c   0x0800117c   0x0000007c   Code   RO         5737    i.GetBatterySOC     sensor.o
    0x080011f8   0x080011f8   0x00000124   Code   RO         5738    i.Get_Channel2_Data  sensor.o
    0x0800131c   0x0800131c   0x00000034   Code   RO         5583    i.IIC_Ack           softwareiic.o
    0x08001350   0x08001350   0x00000052   Code   RO         5657    i.IIC_DS3231_ByteRead  ds3231.o
    0x080013a2   0x080013a2   0x00000002   PAD
    0x080013a4   0x080013a4   0x00000040   Code   RO         5584    i.IIC_Init          softwareiic.o
    0x080013e4   0x080013e4   0x00000034   Code   RO         5585    i.IIC_NAck          softwareiic.o
    0x08001418   0x08001418   0x0000006c   Code   RO         5586    i.IIC_Read_Byte     softwareiic.o
    0x08001484   0x08001484   0x00000034   Code   RO         5587    i.IIC_Start         softwareiic.o
    0x080014b8   0x080014b8   0x0000003c   Code   RO         5588    i.IIC_Stop          softwareiic.o
    0x080014f4   0x080014f4   0x00000058   Code   RO         5589    i.IIC_Wait_Ack      softwareiic.o
    0x0800154c   0x0800154c   0x0000005c   Code   RO         5590    i.IIC_WriteByte     softwareiic.o
    0x080015a8   0x080015a8   0x00000014   Code   RO         5183    i.LED0_ON           led.o
    0x080015bc   0x080015bc   0x00000040   Code   RO         5184    i.LED_Init          led.o
    0x080015fc   0x080015fc   0x00000076   Code   RO         5818    i.MQTTDeserialize_connack  mqttconnectclient.o
    0x08001672   0x08001672   0x00000092   Code   RO         6138    i.MQTTDeserialize_suback  mqttsubscribeclient.o
    0x08001704   0x08001704   0x00000058   Code   RO         5981    i.MQTTPacket_decode  mqttpacket.o
    0x0800175c   0x0800175c   0x0000001c   Code   RO         5982    i.MQTTPacket_decodeBuf  mqttpacket.o
    0x08001778   0x08001778   0x00000036   Code   RO         5984    i.MQTTPacket_encode  mqttpacket.o
    0x080017ae   0x080017ae   0x00000002   PAD
    0x080017b0   0x080017b0   0x00000028   Code   RO         5986    i.MQTTPacket_len    mqttpacket.o
    0x080017d8   0x080017d8   0x00000066   Code   RO         5987    i.MQTTPacket_read   mqttpacket.o
    0x0800183e   0x0800183e   0x00000002   PAD
    0x08001840   0x08001840   0x00000168   Code   RO         5819    i.MQTTSerialize_connect  mqttconnectclient.o
    0x080019a8   0x080019a8   0x00000076   Code   RO         5820    i.MQTTSerialize_connectLength  mqttconnectclient.o
    0x08001a1e   0x08001a1e   0x00000012   Code   RO         5821    i.MQTTSerialize_disconnect  mqttconnectclient.o
    0x08001a30   0x08001a30   0x00000012   Code   RO         5822    i.MQTTSerialize_pingreq  mqttconnectclient.o
    0x08001a42   0x08001a42   0x000000b0   Code   RO         6099    i.MQTTSerialize_publish  mqttserializepublish.o
    0x08001af2   0x08001af2   0x00000022   Code   RO         6100    i.MQTTSerialize_publishLength  mqttserializepublish.o
    0x08001b14   0x08001b14   0x000000b0   Code   RO         6139    i.MQTTSerialize_subscribe  mqttsubscribeclient.o
    0x08001bc4   0x08001bc4   0x0000002e   Code   RO         6140    i.MQTTSerialize_subscribeLength  mqttsubscribeclient.o
    0x08001bf2   0x08001bf2   0x0000004c   Code   RO         5823    i.MQTTSerialize_zero  mqttconnectclient.o
    0x08001c3e   0x08001c3e   0x00000002   PAD
    0x08001c40   0x08001c40   0x000001a8   Code   RO         5327    i.MQTT_Client_Task  mqtt.o
    0x08001de8   0x08001de8   0x00000248   Code   RO         5328    i.MQTT_Connect      mqtt.o
    0x08002030   0x08002030   0x00000028   Code   RO         5329    i.MQTT_Disconnect   mqtt.o
    0x08002058   0x08002058   0x00000058   Code   RO         5331    i.MQTT_Publish      mqtt.o
    0x080020b0   0x080020b0   0x00000210   Code   RO         5332    i.MQTT_Subscribe_Topic  mqtt.o
    0x080022c0   0x080022c0   0x00000018   Code   RO         5989    i.MQTTstrlen        mqttpacket.o
    0x080022d8   0x080022d8   0x00000004   Code   RO           14    i.MemManage_Handler  stm32f4xx_it.o
    0x080022dc   0x080022dc   0x00000002   Code   RO           15    i.NMI_Handler       stm32f4xx_it.o
    0x080022de   0x080022de   0x00000002   PAD
    0x080022e0   0x080022e0   0x00000078   Code   RO          319    i.NVIC_Init         misc.o
    0x08002358   0x08002358   0x00000084   Code   RO         5739    i.ParseModbusFrame  sensor.o
    0x080023dc   0x080023dc   0x00000144   Code   RO         5740    i.ParseSensorData   sensor.o
    0x08002520   0x08002520   0x00000020   Code   RO         3022    i.RCC_AHB1PeriphClockCmd  stm32f4xx_rcc.o
    0x08002540   0x08002540   0x00000020   Code   RO         3031    i.RCC_APB1PeriphClockCmd  stm32f4xx_rcc.o
    0x08002560   0x08002560   0x00000020   Code   RO         3034    i.RCC_APB2PeriphClockCmd  stm32f4xx_rcc.o
    0x08002580   0x08002580   0x000000e8   Code   RO         3043    i.RCC_GetClocksFreq  stm32f4xx_rcc.o
    0x08002668   0x08002668   0x00000002   Code   RO           16    i.SVC_Handler       stm32f4xx_it.o
    0x0800266a   0x0800266a   0x00000002   PAD
    0x0800266c   0x0800266c   0x0000006c   Code   RO         5741    i.Send_Predefined_CMD  sensor.o
    0x080026d8   0x080026d8   0x000000ec   Code   RO          170    i.SetSysClock       system_stm32f4xx.o
    0x080027c4   0x080027c4   0x00000068   Code   RO          172    i.SystemInit        system_stm32f4xx.o
    0x0800282c   0x0800282c   0x0000002c   Code   RO          207    i.TIM2_IRQHandler   main.o
    0x08002858   0x08002858   0x00000066   Code   RO         5402    i.TIM2_Init         time.o
    0x080028be   0x080028be   0x00000002   PAD
    0x080028c0   0x080028c0   0x00000030   Code   RO         5403    i.TIM3_IRQHandler   time.o
    0x080028f0   0x080028f0   0x0000006c   Code   RO         5404    i.TIM3_Init         time.o
    0x0800295c   0x0800295c   0x00000038   Code   RO         5217    i.TIM4_Delay_Init   delay.o
    0x08002994   0x08002994   0x000001c4   Code   RO          208    i.TIM5_IRQHandler   main.o
    0x08002b58   0x08002b58   0x00000064   Code   RO         5405    i.TIM5_Init         time.o
    0x08002bbc   0x08002bbc   0x00000006   Code   RO         4380    i.TIM_ClearFlag     stm32f4xx_tim.o
    0x08002bc2   0x08002bc2   0x00000006   Code   RO         4381    i.TIM_ClearITPendingBit  stm32f4xx_tim.o
    0x08002bc8   0x08002bc8   0x00000018   Code   RO         4386    i.TIM_Cmd           stm32f4xx_tim.o
    0x08002be0   0x08002be0   0x00000006   Code   RO         4405    i.TIM_GetCounter    stm32f4xx_tim.o
    0x08002be6   0x08002be6   0x00000022   Code   RO         4407    i.TIM_GetITStatus   stm32f4xx_tim.o
    0x08002c08   0x08002c08   0x00000012   Code   RO         4411    i.TIM_ITConfig      stm32f4xx_tim.o
    0x08002c1a   0x08002c1a   0x00000012   Code   RO         4440    i.TIM_SelectInputTrigger  stm32f4xx_tim.o
    0x08002c2c   0x08002c2c   0x00000012   Code   RO         4445    i.TIM_SelectSlaveMode  stm32f4xx_tim.o
    0x08002c3e   0x08002c3e   0x00000002   PAD
    0x08002c40   0x08002c40   0x00000084   Code   RO         4458    i.TIM_TimeBaseInit  stm32f4xx_tim.o
    0x08002cc4   0x08002cc4   0x00000088   Code   RO         5252    i.USART1_IRQHandler  usart.o
    0x08002d4c   0x08002d4c   0x00000064   Code   RO         5253    i.USART2_IRQHandler  usart.o
    0x08002db0   0x08002db0   0x0000008c   Code   RO         5254    i.USART3_IRQHandler  usart.o
    0x08002e3c   0x08002e3c   0x00000118   Code   RO         5742    i.USART3_get_Data   sensor.o
    0x08002f54   0x08002f54   0x0000001e   Code   RO         4933    i.USART_ClearITPendingBit  stm32f4xx_usart.o
    0x08002f72   0x08002f72   0x00000018   Code   RO         4936    i.USART_Cmd         stm32f4xx_usart.o
    0x08002f8a   0x08002f8a   0x0000001a   Code   RO         4939    i.USART_GetFlagStatus  stm32f4xx_usart.o
    0x08002fa4   0x08002fa4   0x00000054   Code   RO         4940    i.USART_GetITStatus  stm32f4xx_usart.o
    0x08002ff8   0x08002ff8   0x0000004a   Code   RO         4942    i.USART_ITConfig    stm32f4xx_usart.o
    0x08003042   0x08003042   0x00000002   PAD
    0x08003044   0x08003044   0x000000d4   Code   RO         4943    i.USART_Init        stm32f4xx_usart.o
    0x08003118   0x08003118   0x0000000a   Code   RO         4950    i.USART_ReceiveData  stm32f4xx_usart.o
    0x08003122   0x08003122   0x00000008   Code   RO         4953    i.USART_SendData    stm32f4xx_usart.o
    0x0800312a   0x0800312a   0x00000004   Code   RO           17    i.UsageFault_Handler  stm32f4xx_it.o
    0x0800312e   0x0800312e   0x00000002   PAD
    0x08003130   0x08003130   0x00000030   Code   RO         6224    i.WiFi_SendString   transport.o
    0x08003160   0x08003160   0x00000020   Code   RO         7249    i.__0printf         mc_w.l(printfa.o)
    0x08003180   0x08003180   0x00000030   Code   RO         7250    i.__0snprintf       mc_w.l(printfa.o)
    0x080031b0   0x080031b0   0x00000026   Code   RO         7331    i.__ARM_fpclassifyf  m_wm.l(fpclassifyf.o)
    0x080031d6   0x080031d6   0x00000002   PAD
    0x080031d8   0x080031d8   0x00000008   Code   RO         7400    i.__aeabi_errno_addr  mc_w.l(errno.o)
    0x080031e0   0x080031e0   0x0000005c   Code   RO         7281    i.__free$realloc    mc_w.l(mallocr.o)
    0x0800323c   0x0800323c   0x00000664   Code   RO         6967    i.__hardfp_powf     m_wm.l(powf.o)
    0x080038a0   0x080038a0   0x00000028   Code   RO         6981    i.__hardfp_strtod   m_wm.l(strtod.o)
    0x080038c8   0x080038c8   0x00000050   Code   RO         7282    i.__malloc$realloc  mc_w.l(mallocr.o)
    0x08003918   0x08003918   0x00000014   Code   RO         7333    i.__mathlib_flt_divzero  m_wm.l(funder.o)
    0x0800392c   0x0800392c   0x00000006   Code   RO         7335    i.__mathlib_flt_infnan2  m_wm.l(funder.o)
    0x08003932   0x08003932   0x00000002   PAD
    0x08003934   0x08003934   0x00000010   Code   RO         7336    i.__mathlib_flt_invalid  m_wm.l(funder.o)
    0x08003944   0x08003944   0x00000010   Code   RO         7337    i.__mathlib_flt_overflow  m_wm.l(funder.o)
    0x08003954   0x08003954   0x00000010   Code   RO         7339    i.__mathlib_flt_underflow  m_wm.l(funder.o)
    0x08003964   0x08003964   0x0000000e   Code   RO         7441    i.__scatterload_copy  mc_w.l(handlers.o)
    0x08003972   0x08003972   0x00000002   Code   RO         7442    i.__scatterload_null  mc_w.l(handlers.o)
    0x08003974   0x08003974   0x0000000e   Code   RO         7443    i.__scatterload_zeroinit  mc_w.l(handlers.o)
    0x08003982   0x08003982   0x00000002   PAD
    0x08003984   0x08003984   0x0000000c   Code   RO         7402    i.__set_errno       mc_w.l(errno.o)
    0x08003990   0x08003990   0x00000184   Code   RO         7256    i._fp_digits        mc_w.l(printfa.o)
    0x08003b14   0x08003b14   0x0000000e   Code   RO         7309    i._is_digit         mc_w.l(scanf_fp.o)
    0x08003b22   0x08003b22   0x00000002   PAD
    0x08003b24   0x08003b24   0x000006dc   Code   RO         7257    i._printf_core      mc_w.l(printfa.o)
    0x08004200   0x08004200   0x00000024   Code   RO         7258    i._printf_post_padding  mc_w.l(printfa.o)
    0x08004224   0x08004224   0x0000002e   Code   RO         7259    i._printf_pre_padding  mc_w.l(printfa.o)
    0x08004252   0x08004252   0x00000016   Code   RO         7260    i._snputc           mc_w.l(printfa.o)
    0x08004268   0x08004268   0x00000014   Code   RO         5659    i.bcdToDec          ds3231.o
    0x0800427c   0x0800427c   0x00000028   Code   RO         5990    i.bufchar           mqttpacket.o
    0x080042a4   0x080042a4   0x00000048   Code   RO         6281    i.buffer_skip_whitespace  cjson.o
    0x080042ec   0x080042ec   0x00000060   Code   RO         6313    i.cJSON_Delete      cjson.o
    0x0800434c   0x0800434c   0x00000020   Code   RO         6326    i.cJSON_GetNumberValue  cjson.o
    0x0800436c   0x0800436c   0x00000012   Code   RO         6327    i.cJSON_GetObjectItem  cjson.o
    0x0800437e   0x0800437e   0x00000016   Code   RO         6338    i.cJSON_IsNumber    cjson.o
    0x08004394   0x08004394   0x0000001a   Code   RO         6344    i.cJSON_New_Item    cjson.o
    0x080043ae   0x080043ae   0x00000014   Code   RO         6346    i.cJSON_ParseWithLength  cjson.o
    0x080043c2   0x080043c2   0x00000002   PAD
    0x080043c4   0x080043c4   0x000000d4   Code   RO         6347    i.cJSON_ParseWithLengthOpts  cjson.o
    0x08004498   0x08004498   0x000000f8   Code   RO         5540    i.calculate_next_collect  frq.o
    0x08004590   0x08004590   0x00000096   Code   RO         5541    i.calculate_next_day  frq.o
    0x08004626   0x08004626   0x000000ae   Code   RO         5542    i.calculate_next_night_validation  frq.o
    0x080046d4   0x080046d4   0x00000048   Code   RO         6363    i.case_insensitive_strcmp  cjson.o
    0x0800471c   0x0800471c   0x0000004c   Code   RO         5543    i.days_in_month     frq.o
    0x08004768   0x08004768   0x00000018   Code   RO         5218    i.delay_ms          delay.o
    0x08004780   0x08004780   0x0000003c   Code   RO         5219    i.delay_us          delay.o
    0x080047bc   0x080047bc   0x00000118   Code   RO         5451    i.fill_frq_struct   parse_data.o
    0x080048d4   0x080048d4   0x00000118   Code   RO         5452    i.fill_imt_struct   parse_data.o
    0x080049ec   0x080049ec   0x00000024   Code   RO         5257    i.fputc             usart.o
    0x08004a10   0x08004a10   0x00000004   Code   RO         6369    i.get_decimal_point  cjson.o
    0x08004a14   0x08004a14   0x00000040   Code   RO         5453    i.get_month_days    parse_data.o
    0x08004a54   0x08004a54   0x00000052   Code   RO         6370    i.get_object_item   cjson.o
    0x08004aa6   0x08004aa6   0x00000002   PAD
    0x08004aa8   0x08004aa8   0x00000050   Code   RO         7283    i.internal_alloc    mc_w.l(mallocr.o)
    0x08004af8   0x08004af8   0x00000034   Code   RO         5454    i.is_leap_year      parse_data.o
    0x08004b2c   0x08004b2c   0x00000020   Code   RO         5544    i.is_valid_frequency  frq.o
    0x08004b4c   0x08004b4c   0x00001384   Code   RO          209    i.main              main.o
    0x08005ed0   0x08005ed0   0x0000003e   Code   RO         5455    i.memmem            parse_data.o
    0x08005f0e   0x08005f0e   0x000000f8   Code   RO         6372    i.parse_array       cjson.o
    0x08006006   0x08006006   0x00000032   Code   RO         5456    i.parse_frq_message  parse_data.o
    0x08006038   0x08006038   0x0000005a   Code   RO         6373    i.parse_hex4        cjson.o
    0x08006092   0x08006092   0x00000032   Code   RO         5457    i.parse_imt_message  parse_data.o
    0x080060c4   0x080060c4   0x00000088   Code   RO         5458    i.parse_message     parse_data.o
    0x0800614c   0x0800614c   0x00000154   Code   RO         6374    i.parse_number      cjson.o
    0x080062a0   0x080062a0   0x0000014c   Code   RO         6375    i.parse_object      cjson.o
    0x080063ec   0x080063ec   0x00000108   Code   RO         5743    i.parse_sensor_data  sensor.o
    0x080064f4   0x080064f4   0x0000018e   Code   RO         6376    i.parse_string      cjson.o
    0x08006682   0x08006682   0x00000002   PAD
    0x08006684   0x08006684   0x0000013c   Code   RO         6377    i.parse_value       cjson.o
    0x080067c0   0x080067c0   0x0000000e   Code   RO         5992    i.readChar          mqttpacket.o
    0x080067ce   0x080067ce   0x0000001a   Code   RO         5993    i.readInt           mqttpacket.o
    0x080067e8   0x080067e8   0x0000006c   Code   RO         7284    i.realloc           mc_w.l(mallocr.o)
    0x08006854   0x08006854   0x0000003c   Code   RO         6388    i.skip_utf8_bom     cjson.o
    0x08006890   0x08006890   0x00000024   Code   RO         5744    i.swap_int32        sensor.o
    0x080068b4   0x080068b4   0x00000160   Code   RO         5459    i.timestamp_to_datetime  parse_data.o
    0x08006a14   0x08006a14   0x00000068   Code   RO         6226    i.transport_getdata  transport.o
    0x08006a7c   0x08006a7c   0x00000012   Code   RO         6229    i.transport_sendPacketBuffer  transport.o
    0x08006a8e   0x08006a8e   0x00000002   PAD
    0x08006a90   0x08006a90   0x000000ac   Code   RO         5258    i.uart1_init        usart.o
    0x08006b3c   0x08006b3c   0x000000ac   Code   RO         5259    i.uart2_init        usart.o
    0x08006be8   0x08006be8   0x000000f4   Code   RO         5260    i.uart3_init        usart.o
    0x08006cdc   0x08006cdc   0x0000012c   Code   RO         6391    i.utf16_literal_to_utf8  cjson.o
    0x08006e08   0x08006e08   0x00000028   Code   RO         5995    i.writeCString      mqttpacket.o
    0x08006e30   0x08006e30   0x0000000c   Code   RO         5996    i.writeChar         mqttpacket.o
    0x08006e3c   0x08006e3c   0x00000030   Code   RO         5997    i.writeInt          mqttpacket.o
    0x08006e6c   0x08006e6c   0x0000003e   Code   RO         5998    i.writeMQTTString   mqttpacket.o
    0x08006eaa   0x08006eaa   0x00000002   PAD
    0x08006eac   0x08006eac   0x00000058   Data   RO         5336    .constdata          mqtt.o
    0x08006f04   0x08006f04   0x00000020   Data   RO         5460    .constdata          parse_data.o
    0x08006f24   0x08006f24   0x00000140   Data   RO         6970    .constdata          m_wm.l(powf.o)
    0x08007064   0x08007064   0x00000081   Data   RO         7371    .constdata          mc_w.l(ctype_o.o)
    0x080070e5   0x080070e5   0x00000003   PAD
    0x080070e8   0x080070e8   0x00000004   Data   RO         7372    .constdata          mc_w.l(ctype_o.o)
    0x080070ec   0x080070ec   0x00000172   Data   RO          211    .conststring        main.o
    0x0800725e   0x0800725e   0x00000002   PAD
    0x08007260   0x08007260   0x0000003f   Data   RO         5461    .conststring        parse_data.o
    0x0800729f   0x0800729f   0x00000001   PAD
    0x080072a0   0x080072a0   0x00000020   Data   RO         7439    Region$$Table       anon$$obj.o


    Execution Region RW_IRAM2 (Exec base: 0x10000000, Load base: 0x080073cc, Size: 0x00000000, Max: 0x00010000, ABSOLUTE)

    **** No section assigned to this execution region ****


    Execution Region RW_IRAM1 (Exec base: 0x20000000, Load base: 0x080072c0, Size: 0x000011b0, Max: 0x00020000, ABSOLUTE)

    Exec Addr    Load Addr    Size         Type   Attr      Idx    E Section Name        Object

    0x20000000   0x080072c0   0x000000c8   Data   RW          212    .data               main.o
    0x200000c8   0x08007388   0x00000010   Data   RW         3075    .data               stm32f4xx_rcc.o
    0x200000d8   0x08007398   0x00000002   Data   RW         5262    .data               usart.o
    0x200000da   0x0800739a   0x00000002   PAD
    0x200000dc   0x0800739c   0x00000008   Data   RW         5337    .data               mqtt.o
    0x200000e4   0x080073a4   0x00000004   Data   RW         5999    .data               mqttpacket.o
    0x200000e8   0x080073a8   0x00000014   Data   RW         6393    .data               cjson.o
    0x200000fc   0x080073bc   0x00000004   Data   RW         7361    .data               mc_w.l(stdout.o)
    0x20000100   0x080073c0   0x00000004   Data   RW         7398    .data               mc_w.l(mvars.o)
    0x20000104   0x080073c4   0x00000004   Data   RW         7399    .data               mc_w.l(mvars.o)
    0x20000108   0x080073c8   0x00000004   Data   RW         7403    .data               mc_w.l(errno.o)
    0x2000010c   0x080073cc   0x00000004   PAD
    0x20000110        -       0x000004cc   Zero   RW          210    .bss                main.o
    0x200005dc        -       0x000003d2   Zero   RW         5261    .bss                usart.o
    0x200009ae        -       0x00000200   Zero   RW         5335    .bss                mqtt.o
    0x20000bae   0x080073cc   0x00000002   PAD
    0x20000bb0        -       0x00000200   Zero   RW            2    HEAP                startup_stm32f40xx.o
    0x20000db0        -       0x00000400   Zero   RW            1    STACK               startup_stm32f40xx.o


==============================================================================

Image component sizes


      Code (inc. data)   RO Data    RW Data    ZI Data      Debug   Object Name

      2740         84          0         20          0      17489   cjson.o
       140          8          0          0          0       1560   delay.o
       282          0          0          0          0       3102   ds3231.o
       680         26          0          0          0       3589   frq.o
        84         10          0          0          0        885   led.o
      5492       1544        370        200       1228      11724   main.o
       120         14          0          0          0     239152   misc.o
      1664        708         88          8        512       5001   mqtt.o
       708         18          0          0          0       7184   mqttconnectclient.o
       578         18          0          4          0       7750   mqttpacket.o
       210          0          0          0          0       1714   mqttserializepublish.o
       368          0          0          0          0       3027   mqttsubscribeclient.o
      1326        154         95          0          0      10849   parse_data.o
      1720        244          0          0          0       9168   sensor.o
       568         36          0          0          0       4094   softwareiic.o
        36          8        392          0       1536        812   startup_stm32f40xx.o
       240          0          0          0          0       3191   stm32f4xx_gpio.o
        18          0          0          0          0      54931   stm32f4xx_it.o
       328         36          0         16          0       4335   stm32f4xx_rcc.o
       262         28          0          0          0       5430   stm32f4xx_tim.o
       468          8          0          0          0       5639   stm32f4xx_usart.o
       340         32          0          0          0       1365   system_stm32f4xx.o
       442         50          0          0          0       3362   time.o
       170         10          0          0          0       2259   transport.o
      1000         70          0          2        978       5450   usart.o

    ----------------------------------------------------------------------
     20018       3106        980        252       4256     413062   Object Totals
         0          0         32          0          0          0   (incl. Generated)
        34          0          3          2          2          0   (incl. Padding)

    ----------------------------------------------------------------------

      Code (inc. data)   RO Data    RW Data    ZI Data      Debug   Library Member Name

        38          0          0          0          0        116   fpclassifyf.o
        74         24          0          0          0        580   funder.o
      1636        110        320          0          0        372   powf.o
        40         10          0          0          0        128   strtod.o
        28          0          0          0          0         68   _chval.o
        64          0          0          0          0         84   _sgetc.o
       158          0          0          0          0         92   _strtoul.o
        26          0          0          0          0         80   atoi.o
         8          4        133          0          0         68   ctype_o.o
         0          0          0          0          0          0   entry.o
         0          0          0          0          0          0   entry10a.o
         0          0          0          0          0          0   entry11a.o
         8          4          0          0          0          0   entry2.o
         4          0          0          0          0          0   entry5.o
         0          0          0          0          0          0   entry7b.o
         0          0          0          0          0          0   entry8b.o
         8          4          0          0          0          0   entry9a.o
        20         10          0          4          0        136   errno.o
        30          0          0          0          0          0   handlers.o
        36          8          0          0          0         68   init.o
        18          0          0          0          0         76   isspace_o.o
         0          0          0          0          0          0   iusefp.o
        30          0          0          0          0         68   llshl.o
        36          0          0          0          0         68   llsshr.o
        32          0          0          0          0         68   llushr.o
       360         30          0          0          0        356   mallocr.o
        26          0          0          0          0         80   memcmp.o
        64          0          0          0          0         76   memmovea.o
        36          0          0          0          0        108   memseta.o
         0          0          0          8          0          0   mvars.o
      2328         94          0          0          0        604   printfa.o
       878         12          0          0          0        216   scanf_fp.o
         0          0          0          4          0          0   stdout.o
        28          0          0          0          0         76   strcmp.o
        14          0          0          0          0         68   strlen.o
        30          0          0          0          0         80   strncmp.o
        24          0          0          0          0         76   strncpy.o
       156         12          0          0          0        120   strtod.o
       112          0          0          0          0         88   strtol.o
        12          0          0          0          0         68   tolower.o
        44          0          0          0          0         80   uidiv.o
        98          0          0          0          0         92   uldiv.o
        48          0          0          0          0         68   cdcmple.o
        48          0          0          0          0         68   cdrcmple.o
        56          0          0          0          0         88   d2f.o
       334          0          0          0          0        148   dadd.o
       222          0          0          0          0        100   ddiv.o
       186          0          0          0          0        176   depilogue.o
        62          0          0          0          0         80   dfixi.o
        48          0          0          0          0         68   dfixul.o
        24          0          0          0          0         76   dfltul.o
       228          0          0          0          0         96   dmul.o
        38          0          0          0          0         68   f2d.o
       110          0          0          0          0        168   fepilogue.o
         4          0          0          0          0         68   fpstat.o

    ----------------------------------------------------------------------
      7922        322        456         16          4       5532   Library Totals
        10          0          3          0          4          0   (incl. Padding)

    ----------------------------------------------------------------------

      Code (inc. data)   RO Data    RW Data    ZI Data      Debug   Library Name

      1788        144        320          0          0       1196   m_wm.l
      4716        178        133         16          0       3064   mc_w.l
      1408          0          0          0          0       1272   mf_w.l

    ----------------------------------------------------------------------
      7922        322        456         16          4       5532   Library Totals

    ----------------------------------------------------------------------

==============================================================================


      Code (inc. data)   RO Data    RW Data    ZI Data      Debug   

     27940       3428       1436        268       4260     402006   Grand Totals
     27940       3428       1436        268       4260     402006   ELF Image Totals
     27940       3428       1436        268          0          0   ROM Totals

==============================================================================

    Total RO  Size (Code + RO Data)                29376 (  28.69kB)
    Total RW  Size (RW Data + ZI Data)              4528 (   4.42kB)
    Total ROM Size (Code + RO Data + RW Data)      29644 (  28.95kB)

==============================================================================

